Component: ARM Compiler 5.06 update 6 (build 750) Tool: armlink [4d35ed]

==============================================================================

Section Cross References

    startup_stm32f103xe.o(RESET) refers to startup_stm32f103xe.o(STACK) for __initial_sp
    startup_stm32f103xe.o(RESET) refers to startup_stm32f103xe.o(.text) for Reset_Handler
    startup_stm32f103xe.o(RESET) refers to stm32f1xx_it.o(i.NMI_Handler) for NMI_Handler
    startup_stm32f103xe.o(RESET) refers to stm32f1xx_it.o(i.HardFault_Handler) for HardFault_Handler
    startup_stm32f103xe.o(RESET) refers to stm32f1xx_it.o(i.MemManage_Handler) for MemManage_Handler
    startup_stm32f103xe.o(RESET) refers to stm32f1xx_it.o(i.BusFault_Handler) for BusFault_Handler
    startup_stm32f103xe.o(RESET) refers to stm32f1xx_it.o(i.UsageFault_Handler) for UsageFault_Handler
    startup_stm32f103xe.o(RESET) refers to stm32f1xx_it.o(i.SVC_Handler) for SVC_Handler
    startup_stm32f103xe.o(RESET) refers to stm32f1xx_it.o(i.DebugMon_Handler) for DebugMon_Handler
    startup_stm32f103xe.o(RESET) refers to stm32f1xx_it.o(i.PendSV_Handler) for PendSV_Handler
    startup_stm32f103xe.o(RESET) refers to stm32f1xx_it.o(i.SysTick_Handler) for SysTick_Handler
    startup_stm32f103xe.o(RESET) refers to stm32f1xx_it.o(i.RTC_IRQHandler) for RTC_IRQHandler
    startup_stm32f103xe.o(RESET) refers to stm32f1xx_it.o(i.EXTI1_IRQHandler) for EXTI1_IRQHandler
    startup_stm32f103xe.o(RESET) refers to stm32f1xx_it.o(i.DMA1_Channel1_IRQHandler) for DMA1_Channel1_IRQHandler
    startup_stm32f103xe.o(RESET) refers to stm32f1xx_it.o(i.DMA1_Channel2_IRQHandler) for DMA1_Channel2_IRQHandler
    startup_stm32f103xe.o(RESET) refers to stm32f1xx_it.o(i.DMA1_Channel3_IRQHandler) for DMA1_Channel3_IRQHandler
    startup_stm32f103xe.o(RESET) refers to stm32f1xx_it.o(i.DMA1_Channel5_IRQHandler) for DMA1_Channel5_IRQHandler
    startup_stm32f103xe.o(RESET) refers to stm32f1xx_it.o(i.EXTI15_10_IRQHandler) for EXTI15_10_IRQHandler
    startup_stm32f103xe.o(RESET) refers to stm32f1xx_it.o(i.DMA2_Channel1_IRQHandler) for DMA2_Channel1_IRQHandler
    startup_stm32f103xe.o(RESET) refers to stm32f1xx_it.o(i.DMA2_Channel4_5_IRQHandler) for DMA2_Channel4_5_IRQHandler
    startup_stm32f103xe.o(.text) refers to system_stm32f1xx.o(i.SystemInit) for SystemInit
    startup_stm32f103xe.o(.text) refers to entry.o(.ARM.Collect$$$$00000000) for __main
    main.o(i.HAL_GPIO_EXTI_Callback) refers to stm32f1xx_hal.o(i.HAL_Delay) for HAL_Delay
    main.o(i.HAL_GPIO_EXTI_Callback) refers to stm32f1xx_hal_gpio.o(i.HAL_GPIO_ReadPin) for HAL_GPIO_ReadPin
    main.o(i.HAL_GPIO_EXTI_Callback) refers to main.o(.data) for .data
    main.o(i.SystemClock_Config) refers to memseta.o(.text) for __aeabi_memclr4
    main.o(i.SystemClock_Config) refers to stm32f1xx_hal_rcc.o(i.HAL_RCC_OscConfig) for HAL_RCC_OscConfig
    main.o(i.SystemClock_Config) refers to stm32f1xx_hal_rcc.o(i.HAL_RCC_ClockConfig) for HAL_RCC_ClockConfig
    main.o(i.SystemClock_Config) refers to stm32f1xx_hal_rcc_ex.o(i.HAL_RCCEx_PeriphCLKConfig) for HAL_RCCEx_PeriphCLKConfig
    main.o(i.main) refers to stm32f1xx_hal.o(i.HAL_Init) for HAL_Init
    main.o(i.main) refers to main.o(i.SystemClock_Config) for SystemClock_Config
    main.o(i.main) refers to gpio.o(i.MX_GPIO_Init) for MX_GPIO_Init
    main.o(i.main) refers to dma.o(i.MX_DMA_Init) for MX_DMA_Init
    main.o(i.main) refers to tim.o(i.MX_TIM1_Init) for MX_TIM1_Init
    main.o(i.main) refers to tim.o(i.MX_TIM2_Init) for MX_TIM2_Init
    main.o(i.main) refers to tim.o(i.MX_TIM3_Init) for MX_TIM3_Init
    main.o(i.main) refers to tim.o(i.MX_TIM4_Init) for MX_TIM4_Init
    main.o(i.main) refers to tim.o(i.MX_TIM5_Init) for MX_TIM5_Init
    main.o(i.main) refers to tim.o(i.MX_TIM8_Init) for MX_TIM8_Init
    main.o(i.main) refers to rtc.o(i.MX_RTC_Init) for MX_RTC_Init
    main.o(i.main) refers to ctr.o(i.boot_init) for boot_init
    main.o(i.main) refers to ctr.o(i.Test3) for Test3
    main.o(i.main) refers to vibra.o(i.Vibra_monitor) for Vibra_monitor
    main.o(i.main) refers to ctr.o(i.fan_logic) for fan_logic
    main.o(i.main) refers to ctr.o(i.ctr_fan) for ctr_fan
    main.o(i.main) refers to ctr.o(i.Test1) for Test1
    main.o(i.main) refers to ctr.o(i.ctr_fan1) for ctr_fan1
    main.o(i.main) refers to main.o(.data) for .data
    gpio.o(i.MX_GPIO_Init) refers to stm32f1xx_hal_gpio.o(i.HAL_GPIO_WritePin) for HAL_GPIO_WritePin
    gpio.o(i.MX_GPIO_Init) refers to stm32f1xx_hal_gpio.o(i.HAL_GPIO_Init) for HAL_GPIO_Init
    gpio.o(i.MX_GPIO_Init) refers to stm32f1xx_hal_cortex.o(i.HAL_NVIC_SetPriority) for HAL_NVIC_SetPriority
    gpio.o(i.MX_GPIO_Init) refers to stm32f1xx_hal_cortex.o(i.HAL_NVIC_EnableIRQ) for HAL_NVIC_EnableIRQ
    dma.o(i.MX_DMA_Init) refers to stm32f1xx_hal_cortex.o(i.HAL_NVIC_SetPriority) for HAL_NVIC_SetPriority
    dma.o(i.MX_DMA_Init) refers to stm32f1xx_hal_cortex.o(i.HAL_NVIC_EnableIRQ) for HAL_NVIC_EnableIRQ
[...]
    Removing stm32f1xx_hal.o(.rev16_text), (4 bytes).
    Removing stm32f1xx_hal.o(.revsh_text), (4 bytes).
    Removing stm32f1xx_hal.o(.rrx_text), (6 bytes).
    Removing stm32f1xx_hal.o(i.HAL_DBGMCU_DisableDBGSleepMode), (16 bytes).
    Removing stm32f1xx_hal.o(i.HAL_DBGMCU_DisableDBGStandbyMode), (16 bytes).
    Removing stm32f1xx_hal.o(i.HAL_DBGMCU_DisableDBGStopMode), (16 bytes).
    Removing stm32f1xx_hal.o(i.HAL_DBGMCU_EnableDBGSleepMode), (16 bytes).
    Removing stm32f1xx_hal.o(i.HAL_DBGMCU_EnableDBGStandbyMode), (16 bytes).
    Removing stm32f1xx_hal.o(i.HAL_DBGMCU_EnableDBGStopMode), (16 bytes).
    Removing stm32f1xx_hal.o(i.HAL_DeInit), (32 bytes).
    Removing stm32f1xx_hal.o(i.HAL_GetDEVID), (16 bytes).
    Removing stm32f1xx_hal.o(i.HAL_GetHalVersion), (8 bytes).
    Removing stm32f1xx_hal.o(i.HAL_GetREVID), (12 bytes).
    Removing stm32f1xx_hal.o(i.HAL_GetTickFreq), (12 bytes).
    Removing stm32f1xx_hal.o(i.HAL_GetTickPrio), (12 bytes).
    Removing stm32f1xx_hal.o(i.HAL_GetUIDw0), (12 bytes).
    Removing stm32f1xx_hal.o(i.HAL_GetUIDw1), (12 bytes).
    Removing stm32f1xx_hal.o(i.HAL_GetUIDw2), (12 bytes).
    Removing stm32f1xx_hal.o(i.HAL_MspDeInit), (2 bytes).
    Removing stm32f1xx_hal.o(i.HAL_MspInit), (2 bytes).
    Removing stm32f1xx_hal.o(i.HAL_ResumeTick), (14 bytes).
    Removing stm32f1xx_hal.o(i.HAL_SetTickFreq), (36 bytes).
    Removing stm32f1xx_hal.o(i.HAL_SuspendTick), (14 bytes).
    Removing stm32f1xx_hal_rcc.o(.rev16_text), (4 bytes).
    Removing stm32f1xx_hal_rcc.o(.revsh_text), (4 bytes).
    Removing stm32f1xx_hal_rcc.o(.rrx_text), (6 bytes).
    Removing stm32f1xx_hal_rcc.o(i.HAL_RCC_CSSCallback), (2 bytes).
    Removing stm32f1xx_hal_rcc.o(i.HAL_RCC_DeInit), (216 bytes).
    Removing stm32f1xx_hal_rcc.o(i.HAL_RCC_DisableCSS), (12 bytes).
    Removing stm32f1xx_hal_rcc.o(i.HAL_RCC_EnableCSS), (12 bytes).
    Removing stm32f1xx_hal_rcc.o(i.HAL_RCC_GetClockConfig), (64 bytes).
    Removing stm32f1xx_hal_rcc.o(i.HAL_RCC_GetHCLKFreq), (12 bytes).
    Removing stm32f1xx_hal_rcc.o(i.HAL_RCC_GetOscConfig), (144 bytes).
    Removing stm32f1xx_hal_rcc.o(i.HAL_RCC_GetPCLK1Freq), (32 bytes).
    Removing stm32f1xx_hal_rcc.o(i.HAL_RCC_MCOConfig), (72 bytes).
    Removing stm32f1xx_hal_rcc.o(i.HAL_RCC_NMI_IRQHandler), (24 bytes).
    Removing stm32f1xx_hal_rcc_ex.o(.rev16_text), (4 bytes).
    Removing stm32f1xx_hal_rcc_ex.o(.revsh_text), (4 bytes).
    Removing stm32f1xx_hal_rcc_ex.o(.rrx_text), (6 bytes).
    Removing stm32f1xx_hal_rcc_ex.o(i.HAL_RCCEx_GetPeriphCLKConfig), (52 bytes).
    Removing stm32f1xx_hal_gpio.o(.rev16_text), (4 bytes).
    Removing stm32f1xx_hal_gpio.o(.revsh_text), (4 bytes).
    Removing stm32f1xx_hal_gpio.o(.rrx_text), (6 bytes).
    Removing stm32f1xx_hal_gpio.o(i.HAL_GPIO_DeInit), (252 bytes).
    Removing stm32f1xx_hal_gpio.o(i.HAL_GPIO_EXTI_Callback), (2 bytes).
    Removing stm32f1xx_hal_gpio.o(i.HAL_GPIO_LockPin), (34 bytes).
    Removing stm32f1xx_hal_gpio.o(i.HAL_GPIO_TogglePin), (16 bytes).
    Removing stm32f1xx_hal_dma.o(.rev16_text), (4 bytes).
    Removing stm32f1xx_hal_dma.o(.revsh_text), (4 bytes).
    Removing stm32f1xx_hal_dma.o(.rrx_text), (6 bytes).
    Removing stm32f1xx_hal_dma.o(i.HAL_DMA_Abort), (70 bytes).
    Removing stm32f1xx_hal_dma.o(i.HAL_DMA_DeInit), (128 bytes).
    Removing stm32f1xx_hal_dma.o(i.HAL_DMA_GetError), (4 bytes).
    Removing stm32f1xx_hal_dma.o(i.HAL_DMA_GetState), (6 bytes).
    Removing stm32f1xx_hal_dma.o(i.HAL_DMA_PollForTransfer), (984 bytes).
    Removing stm32f1xx_hal_dma.o(i.HAL_DMA_RegisterCallback), (74 bytes).
    Removing stm32f1xx_hal_dma.o(i.HAL_DMA_Start), (80 bytes).
    Removing stm32f1xx_hal_dma.o(i.HAL_DMA_UnRegisterCallback), (82 bytes).
    Removing stm32f1xx_hal_cortex.o(.rev16_text), (4 bytes).
    Removing stm32f1xx_hal_cortex.o(.revsh_text), (4 bytes).
    Removing stm32f1xx_hal_cortex.o(.rrx_text), (6 bytes).
    Removing stm32f1xx_hal_cortex.o(i.HAL_NVIC_ClearPendingIRQ), (26 bytes).
    Removing stm32f1xx_hal_cortex.o(i.HAL_NVIC_DisableIRQ), (34 bytes).
    Removing stm32f1xx_hal_cortex.o(i.HAL_NVIC_GetActive), (36 bytes).
    Removing stm32f1xx_hal_cortex.o(i.HAL_NVIC_GetPendingIRQ), (36 bytes).
    Removing stm32f1xx_hal_cortex.o(i.HAL_NVIC_GetPriority), (84 bytes).
    Removing stm32f1xx_hal_cortex.o(i.HAL_NVIC_GetPriorityGrouping), (16 bytes).
    Removing stm32f1xx_hal_cortex.o(i.HAL_NVIC_SetPendingIRQ), (26 bytes).
    Removing stm32f1xx_hal_cortex.o(i.HAL_NVIC_SystemReset), (36 bytes).
    Removing stm32f1xx_hal_cortex.o(i.HAL_SYSTICK_CLKSourceConfig), (24 bytes).
    Removing stm32f1xx_hal_cortex.o(i.HAL_SYSTICK_Callback), (2 bytes).
    Removing stm32f1xx_hal_cortex.o(i.HAL_SYSTICK_IRQHandler), (8 bytes).
    Removing stm32f1xx_hal_pwr.o(.rev16_text), (4 bytes).
    Removing stm32f1xx_hal_pwr.o(.revsh_text), (4 bytes).
    Removing stm32f1xx_hal_pwr.o(.rrx_text), (6 bytes).
    Removing stm32f1xx_hal_pwr.o(i.HAL_PWR_ConfigPVD), (124 bytes).
    Removing stm32f1xx_hal_pwr.o(i.HAL_PWR_DeInit), (24 bytes).
    Removing stm32f1xx_hal_pwr.o(i.HAL_PWR_DisableBkUpAccess), (12 bytes).
    Removing stm32f1xx_hal_pwr.o(i.HAL_PWR_DisablePVD), (12 bytes).
    Removing stm32f1xx_hal_pwr.o(i.HAL_PWR_DisableSEVOnPend), (16 bytes).
    Removing stm32f1xx_hal_pwr.o(i.HAL_PWR_DisableSleepOnExit), (16 bytes).
    Removing stm32f1xx_hal_pwr.o(i.HAL_PWR_DisableWakeUpPin), (28 bytes).
    Removing stm32f1xx_hal_pwr.o(i.HAL_PWR_EnablePVD), (12 bytes).
    Removing stm32f1xx_hal_pwr.o(i.HAL_PWR_EnableSEVOnPend), (16 bytes).
    Removing stm32f1xx_hal_pwr.o(i.HAL_PWR_EnableSleepOnExit), (16 bytes).
    Removing stm32f1xx_hal_pwr.o(i.HAL_PWR_EnableWakeUpPin), (28 bytes).
    Removing stm32f1xx_hal_pwr.o(i.HAL_PWR_EnterSLEEPMode), (32 bytes).
    Removing stm32f1xx_hal_pwr.o(i.HAL_PWR_EnterSTANDBYMode), (32 bytes).
    Removing stm32f1xx_hal_pwr.o(i.HAL_PWR_EnterSTOPMode), (68 bytes).
    Removing stm32f1xx_hal_pwr.o(i.HAL_PWR_PVDCallback), (2 bytes).
    Removing stm32f1xx_hal_pwr.o(i.HAL_PWR_PVD_IRQHandler), (28 bytes).
    Removing stm32f1xx_hal_pwr.o(i.PWR_OverloadWfe), (6 bytes).
    Removing stm32f1xx_hal_flash.o(.rev16_text), (4 bytes).
    Removing stm32f1xx_hal_flash.o(.revsh_text), (4 bytes).
    Removing stm32f1xx_hal_flash.o(.rrx_text), (6 bytes).
    Removing stm32f1xx_hal_flash.o(i.FLASH_Program_HalfWord), (28 bytes).
    Removing stm32f1xx_hal_flash.o(i.FLASH_SetErrorCode), (92 bytes).
    Removing stm32f1xx_hal_flash.o(i.FLASH_WaitForLastOperation), (84 bytes).
    Removing stm32f1xx_hal_flash.o(i.HAL_FLASH_EndOfOperationCallback), (2 bytes).
    Removing stm32f1xx_hal_flash.o(i.HAL_FLASH_GetError), (12 bytes).
    Removing stm32f1xx_hal_flash.o(i.HAL_FLASH_IRQHandler), (264 bytes).
    Removing stm32f1xx_hal_flash.o(i.HAL_FLASH_Lock), (20 bytes).
    Removing stm32f1xx_hal_flash.o(i.HAL_FLASH_OB_Launch), (4 bytes).
    Removing stm32f1xx_hal_flash.o(i.HAL_FLASH_OB_Lock), (20 bytes).
    Removing stm32f1xx_hal_flash.o(i.HAL_FLASH_OB_Unlock), (36 bytes).
    Removing stm32f1xx_hal_flash.o(i.HAL_FLASH_OperationErrorCallback), (2 bytes).
    Removing stm32f1xx_hal_flash.o(i.HAL_FLASH_Program), (132 bytes).
    Removing stm32f1xx_hal_flash.o(i.HAL_FLASH_Program_IT), (96 bytes).
    Removing stm32f1xx_hal_flash.o(i.HAL_FLASH_Unlock), (40 bytes).
    Removing stm32f1xx_hal_flash.o(.bss), (32 bytes).
    Removing stm32f1xx_hal_flash_ex.o(.rev16_text), (4 bytes).
    Removing stm32f1xx_hal_flash_ex.o(.revsh_text), (4 bytes).
    Removing stm32f1xx_hal_flash_ex.o(.rrx_text), (6 bytes).
    Removing stm32f1xx_hal_flash_ex.o(i.FLASH_MassErase), (36 bytes).
    Removing stm32f1xx_hal_flash_ex.o(i.FLASH_OB_DisableWRP), (176 bytes).
    Removing stm32f1xx_hal_flash_ex.o(i.FLASH_OB_EnableWRP), (176 bytes).
    Removing stm32f1xx_hal_flash_ex.o(i.FLASH_OB_GetRDP), (24 bytes).
    Removing stm32f1xx_hal_flash_ex.o(i.FLASH_OB_RDP_LevelConfig), (100 bytes).
    Removing stm32f1xx_hal_flash_ex.o(i.FLASH_PageErase), (36 bytes).
    Removing stm32f1xx_hal_flash_ex.o(i.HAL_FLASHEx_Erase), (168 bytes).
    Removing stm32f1xx_hal_flash_ex.o(i.HAL_FLASHEx_Erase_IT), (84 bytes).
    Removing stm32f1xx_hal_flash_ex.o(i.HAL_FLASHEx_OBErase), (84 bytes).
    Removing stm32f1xx_hal_flash_ex.o(i.HAL_FLASHEx_OBGetConfig), (36 bytes).
    Removing stm32f1xx_hal_flash_ex.o(i.HAL_FLASHEx_OBGetUserData), (32 bytes).
    Removing stm32f1xx_hal_flash_ex.o(i.HAL_FLASHEx_OBProgram), (200 bytes).
    Removing stm32f1xx_hal_exti.o(.rev16_text), (4 bytes).
    Removing stm32f1xx_hal_exti.o(.revsh_text), (4 bytes).
    Removing stm32f1xx_hal_exti.o(.rrx_text), (6 bytes).
    Removing stm32f1xx_hal_exti.o(i.HAL_EXTI_ClearConfigLine), (104 bytes).
    Removing stm32f1xx_hal_exti.o(i.HAL_EXTI_ClearPending), (20 bytes).
    Removing stm32f1xx_hal_exti.o(i.HAL_EXTI_GenerateSWI), (20 bytes).
    Removing stm32f1xx_hal_exti.o(i.HAL_EXTI_GetConfigLine), (144 bytes).
    Removing stm32f1xx_hal_exti.o(i.HAL_EXTI_GetHandle), (12 bytes).
    Removing stm32f1xx_hal_exti.o(i.HAL_EXTI_GetPending), (24 bytes).
    Removing stm32f1xx_hal_exti.o(i.HAL_EXTI_IRQHandler), (36 bytes).
    Removing stm32f1xx_hal_exti.o(i.HAL_EXTI_RegisterCallback), (14 bytes).
    Removing stm32f1xx_hal_exti.o(i.HAL_EXTI_SetConfigLine), (164 bytes).
    Removing stm32f1xx_hal_tim.o(.rev16_text), (4 bytes).
    Removing stm32f1xx_hal_tim.o(.revsh_text), (4 bytes).
    Removing stm32f1xx_hal_tim.o(.rrx_text), (6 bytes).
    Removing stm32f1xx_hal_tim.o(i.HAL_TIM_Base_DeInit), (92 bytes).
    Removing stm32f1xx_hal_tim.o(i.HAL_TIM_Base_GetState), (6 bytes).
    Removing stm32f1xx_hal_tim.o(i.HAL_TIM_Base_MspDeInit), (2 bytes).
    Removing stm32f1xx_hal_tim.o(i.HAL_TIM_Base_MspInit), (2 bytes).
    Removing stm32f1xx_hal_tim.o(i.HAL_TIM_Base_Start), (100 bytes).
    Removing stm32f1xx_hal_tim.o(i.HAL_TIM_Base_Start_DMA), (172 bytes).
    Removing stm32f1xx_hal_tim.o(i.HAL_TIM_Base_Start_IT), (108 bytes).
    Removing stm32f1xx_hal_tim.o(i.HAL_TIM_Base_Stop), (38 bytes).
    Removing stm32f1xx_hal_tim.o(i.HAL_TIM_Base_Stop_DMA), (58 bytes).
    Removing stm32f1xx_hal_tim.o(i.HAL_TIM_Base_Stop_IT), (48 bytes).
    Removing stm32f1xx_hal_tim.o(i.HAL_TIM_ConfigOCrefClear), (210 bytes).
    Removing stm32f1xx_hal_tim.o(i.HAL_TIM_ConfigTI1Input), (16 bytes).
    Removing stm32f1xx_hal_tim.o(i.HAL_TIM_DMABurstState), (6 bytes).
    Removing stm32f1xx_hal_tim.o(i.HAL_TIM_DMABurst_MultiReadStart), (324 bytes).
    Removing stm32f1xx_hal_tim.o(i.HAL_TIM_DMABurst_MultiWriteStart), (324 bytes).
    Removing stm32f1xx_hal_tim.o(i.HAL_TIM_DMABurst_ReadStart), (18 bytes).
    Removing stm32f1xx_hal_tim.o(i.HAL_TIM_DMABurst_ReadStop), (102 bytes).
    Removing stm32f1xx_hal_tim.o(i.HAL_TIM_DMABurst_WriteStart), (18 bytes).
    Removing stm32f1xx_hal_tim.o(i.HAL_TIM_DMABurst_WriteStop), (102 bytes).
    Removing stm32f1xx_hal_tim.o(i.HAL_TIM_Encoder_DeInit), (76 bytes).
    Removing stm32f1xx_hal_tim.o(i.HAL_TIM_Encoder_GetState), (6 bytes).
    Removing stm32f1xx_hal_tim.o(i.HAL_TIM_Encoder_Init), (164 bytes).
    Removing stm32f1xx_hal_tim.o(i.HAL_TIM_Encoder_MspDeInit), (2 bytes).
    Removing stm32f1xx_hal_tim.o(i.HAL_TIM_Encoder_MspInit), (2 bytes).
    Removing stm32f1xx_hal_tim.o(i.HAL_TIM_Encoder_Start), (146 bytes).
    Removing stm32f1xx_hal_tim.o(i.HAL_TIM_Encoder_Start_DMA), (444 bytes).
    Removing stm32f1xx_hal_tim.o(i.HAL_TIM_Encoder_Start_IT), (188 bytes).
    Removing stm32f1xx_hal_tim.o(i.HAL_TIM_Encoder_Stop), (102 bytes).
    Removing stm32f1xx_hal_tim.o(i.HAL_TIM_Encoder_Stop_DMA), (170 bytes).
    Removing stm32f1xx_hal_tim.o(i.HAL_TIM_Encoder_Stop_IT), (144 bytes).
    Removing stm32f1xx_hal_tim.o(i.HAL_TIM_GenerateEvent), (38 bytes).
    Removing stm32f1xx_hal_tim.o(i.HAL_TIM_GetActiveChannel), (4 bytes).
    Removing stm32f1xx_hal_tim.o(i.HAL_TIM_GetChannelState), (34 bytes).
    Removing stm32f1xx_hal_tim.o(i.HAL_TIM_IC_CaptureCallback), (2 bytes).
    Removing stm32f1xx_hal_tim.o(i.HAL_TIM_IC_CaptureHalfCpltCallback), (2 bytes).
    Removing stm32f1xx_hal_tim.o(i.HAL_TIM_IC_ConfigChannel), (270 bytes).
    Removing stm32f1xx_hal_tim.o(i.HAL_TIM_IC_DeInit), (92 bytes).
    Removing stm32f1xx_hal_tim.o(i.HAL_TIM_IC_GetState), (6 bytes).
    Removing stm32f1xx_hal_tim.o(i.HAL_TIM_IC_Init), (90 bytes).
    Removing stm32f1xx_hal_tim.o(i.HAL_TIM_IC_MspDeInit), (2 bytes).
    Removing stm32f1xx_hal_tim.o(i.HAL_TIM_IC_MspInit), (2 bytes).
    Removing stm32f1xx_hal_tim.o(i.HAL_TIM_IC_Start), (220 bytes).
    Removing stm32f1xx_hal_tim.o(i.HAL_TIM_IC_Start_DMA), (440 bytes).
    Removing stm32f1xx_hal_tim.o(i.HAL_TIM_IC_Start_IT), (276 bytes).
    Removing stm32f1xx_hal_tim.o(i.HAL_TIM_IC_Stop), (82 bytes).
    Removing stm32f1xx_hal_tim.o(i.HAL_TIM_IC_Stop_DMA), (156 bytes).
    Removing stm32f1xx_hal_tim.o(i.HAL_TIM_IC_Stop_IT), (134 bytes).
    Removing stm32f1xx_hal_tim.o(i.HAL_TIM_IRQHandler), (358 bytes).
    Removing stm32f1xx_hal_tim.o(i.HAL_TIM_OC_ConfigChannel), (76 bytes).
    Removing stm32f1xx_hal_tim.o(i.HAL_TIM_OC_DeInit), (92 bytes).
    Removing stm32f1xx_hal_tim.o(i.HAL_TIM_OC_DelayElapsedCallback), (2 bytes).
    Removing stm32f1xx_hal_tim.o(i.HAL_TIM_OC_GetState), (6 bytes).
    Removing stm32f1xx_hal_tim.o(i.HAL_TIM_OC_Init), (90 bytes).
    Removing stm32f1xx_hal_tim.o(i.HAL_TIM_OC_MspDeInit), (2 bytes).
    Removing stm32f1xx_hal_tim.o(i.HAL_TIM_OC_MspInit), (2 bytes).
    Removing stm32f1xx_hal_tim.o(i.HAL_TIM_OC_Start), (188 bytes).
    Removing stm32f1xx_hal_tim.o(i.HAL_TIM_OC_Start_DMA), (424 bytes).
    Removing stm32f1xx_hal_tim.o(i.HAL_TIM_OC_Start_IT), (240 bytes).
    Removing stm32f1xx_hal_tim.o(i.HAL_TIM_OC_Stop), (124 bytes).
    Removing stm32f1xx_hal_tim.o(i.HAL_TIM_OC_Stop_DMA), (192 bytes).
    Removing stm32f1xx_hal_tim.o(i.HAL_TIM_OC_Stop_IT), (172 bytes).
    Removing stm32f1xx_hal_tim.o(i.HAL_TIM_OnePulse_ConfigChannel), (218 bytes).
    Removing stm32f1xx_hal_tim.o(i.HAL_TIM_OnePulse_DeInit), (76 bytes).
    Removing stm32f1xx_hal_tim.o(i.HAL_TIM_OnePulse_GetState), (6 bytes).
    Removing stm32f1xx_hal_tim.o(i.HAL_TIM_OnePulse_Init), (86 bytes).
    Removing stm32f1xx_hal_tim.o(i.HAL_TIM_OnePulse_MspDeInit), (2 bytes).
    Removing stm32f1xx_hal_tim.o(i.HAL_TIM_OnePulse_MspInit), (2 bytes).
    Removing stm32f1xx_hal_tim.o(i.HAL_TIM_OnePulse_Start), (112 bytes).
    Removing stm32f1xx_hal_tim.o(i.HAL_TIM_OnePulse_Start_IT), (132 bytes).
    Removing stm32f1xx_hal_tim.o(i.HAL_TIM_OnePulse_Stop), (112 bytes).
    Removing stm32f1xx_hal_tim.o(i.HAL_TIM_OnePulse_Stop_IT), (132 bytes).
    Removing stm32f1xx_hal_tim.o(i.HAL_TIM_PWM_DeInit), (92 bytes).
    Removing stm32f1xx_hal_tim.o(i.HAL_TIM_PWM_GetState), (6 bytes).
    Removing stm32f1xx_hal_tim.o(i.HAL_TIM_PWM_MspDeInit), (2 bytes).
    Removing stm32f1xx_hal_tim.o(i.HAL_TIM_PWM_MspInit), (2 bytes).
    Removing stm32f1xx_hal_tim.o(i.HAL_TIM_PWM_PulseFinishedCallback), (2 bytes).
    Removing stm32f1xx_hal_tim.o(i.HAL_TIM_PWM_Start), (188 bytes).
    Removing stm32f1xx_hal_tim.o(i.HAL_TIM_PWM_Start_IT), (240 bytes).
    Removing stm32f1xx_hal_tim.o(i.HAL_TIM_PWM_Stop), (124 bytes).
    Removing stm32f1xx_hal_tim.o(i.HAL_TIM_PWM_Stop_IT), (172 bytes).
    Removing stm32f1xx_hal_tim.o(i.HAL_TIM_PeriodElapsedCallback), (2 bytes).
    Removing stm32f1xx_hal_tim.o(i.HAL_TIM_PeriodElapsedHalfCpltCallback), (2 bytes).
    Removing stm32f1xx_hal_tim.o(i.HAL_TIM_ReadCapturedValue), (42 bytes).
    Removing stm32f1xx_hal_tim.o(i.HAL_TIM_SlaveConfigSynchro), (82 bytes).
    Removing stm32f1xx_hal_tim.o(i.HAL_TIM_SlaveConfigSynchro_IT), (82 bytes).
    Removing stm32f1xx_hal_tim.o(i.HAL_TIM_TriggerCallback), (2 bytes).
    Removing stm32f1xx_hal_tim.o(i.HAL_TIM_TriggerHalfCpltCallback), (2 bytes).
    Removing stm32f1xx_hal_tim.o(i.TIM_DMACaptureCplt), (110 bytes).
    Removing stm32f1xx_hal_tim.o(i.TIM_DMACaptureHalfCplt), (56 bytes).
    Removing stm32f1xx_hal_tim.o(i.TIM_DMAPeriodElapsedCplt), (22 bytes).
    Removing stm32f1xx_hal_tim.o(i.TIM_DMAPeriodElapsedHalfCplt), (10 bytes).
    Removing stm32f1xx_hal_tim.o(i.TIM_DMATriggerCplt), (22 bytes).
    Removing stm32f1xx_hal_tim.o(i.TIM_DMATriggerHalfCplt), (10 bytes).
    Removing stm32f1xx_hal_tim.o(i.TIM_SlaveTimer_SetConfig), (134 bytes).
    Removing stm32f1xx_hal_tim.o(i.TIM_TI1_SetConfig), (108 bytes).
    Removing stm32f1xx_hal_tim.o(i.TIM_TI2_SetConfig), (54 bytes).
    Removing stm32f1xx_hal_tim_ex.o(.rev16_text), (4 bytes).
    Removing stm32f1xx_hal_tim_ex.o(.revsh_text), (4 bytes).
    Removing stm32f1xx_hal_tim_ex.o(.rrx_text), (6 bytes).
    Removing stm32f1xx_hal_tim_ex.o(i.HAL_TIMEx_BreakCallback), (2 bytes).
    Removing stm32f1xx_hal_tim_ex.o(i.HAL_TIMEx_CommutCallback), (2 bytes).
    Removing stm32f1xx_hal_tim_ex.o(i.HAL_TIMEx_CommutHalfCpltCallback), (2 bytes).
    Removing stm32f1xx_hal_tim_ex.o(i.HAL_TIMEx_ConfigCommutEvent), (112 bytes).
    Removing stm32f1xx_hal_tim_ex.o(i.HAL_TIMEx_ConfigCommutEvent_DMA), (144 bytes).
    Removing stm32f1xx_hal_tim_ex.o(i.HAL_TIMEx_ConfigCommutEvent_IT), (112 bytes).
    Removing stm32f1xx_hal_tim_ex.o(i.HAL_TIMEx_GetChannelNState), (34 bytes).
    Removing stm32f1xx_hal_tim_ex.o(i.HAL_TIMEx_HallSensor_DeInit), (76 bytes).
    Removing stm32f1xx_hal_tim_ex.o(i.HAL_TIMEx_HallSensor_GetState), (6 bytes).
    Removing stm32f1xx_hal_tim_ex.o(i.HAL_TIMEx_HallSensor_Init), (208 bytes).
    Removing stm32f1xx_hal_tim_ex.o(i.HAL_TIMEx_HallSensor_MspDeInit), (2 bytes).
    Removing stm32f1xx_hal_tim_ex.o(i.HAL_TIMEx_HallSensor_MspInit), (2 bytes).
    Removing stm32f1xx_hal_tim_ex.o(i.HAL_TIMEx_HallSensor_Start), (148 bytes).
    Removing stm32f1xx_hal_tim_ex.o(i.HAL_TIMEx_HallSensor_Start_DMA), (204 bytes).
    Removing stm32f1xx_hal_tim_ex.o(i.HAL_TIMEx_HallSensor_Start_IT), (160 bytes).
    Removing stm32f1xx_hal_tim_ex.o(i.HAL_TIMEx_HallSensor_Stop), (58 bytes).
    Removing stm32f1xx_hal_tim_ex.o(i.HAL_TIMEx_HallSensor_Stop_DMA), (70 bytes).
    Removing stm32f1xx_hal_tim_ex.o(i.HAL_TIMEx_HallSensor_Stop_IT), (68 bytes).
    Removing stm32f1xx_hal_tim_ex.o(i.HAL_TIMEx_OCN_Start), (176 bytes).
    Removing stm32f1xx_hal_tim_ex.o(i.HAL_TIMEx_OCN_Start_DMA), (376 bytes).
    Removing stm32f1xx_hal_tim_ex.o(i.HAL_TIMEx_OCN_Start_IT), (228 bytes).
    Removing stm32f1xx_hal_tim_ex.o(i.HAL_TIMEx_OCN_Stop), (104 bytes).
    Removing stm32f1xx_hal_tim_ex.o(i.HAL_TIMEx_OCN_Stop_DMA), (158 bytes).
    Removing stm32f1xx_hal_tim_ex.o(i.HAL_TIMEx_OCN_Stop_IT), (160 bytes).
    Removing stm32f1xx_hal_tim_ex.o(i.HAL_TIMEx_OnePulseN_Start), (100 bytes).
    Removing stm32f1xx_hal_tim_ex.o(i.HAL_TIMEx_OnePulseN_Start_IT), (120 bytes).
    Removing stm32f1xx_hal_tim_ex.o(i.HAL_TIMEx_OnePulseN_Stop), (98 bytes).
    Removing stm32f1xx_hal_tim_ex.o(i.HAL_TIMEx_OnePulseN_Stop_IT), (120 bytes).
    Removing stm32f1xx_hal_tim_ex.o(i.HAL_TIMEx_PWMN_Start), (176 bytes).
    Removing stm32f1xx_hal_tim_ex.o(i.HAL_TIMEx_PWMN_Start_DMA), (376 bytes).
    Removing stm32f1xx_hal_tim_ex.o(i.HAL_TIMEx_PWMN_Start_IT), (228 bytes).
    Removing stm32f1xx_hal_tim_ex.o(i.HAL_TIMEx_PWMN_Stop), (104 bytes).
    Removing stm32f1xx_hal_tim_ex.o(i.HAL_TIMEx_PWMN_Stop_DMA), (158 bytes).
    Removing stm32f1xx_hal_tim_ex.o(i.HAL_TIMEx_PWMN_Stop_IT), (160 bytes).
    Removing stm32f1xx_hal_tim_ex.o(i.HAL_TIMEx_RemapConfig), (4 bytes).
    Removing stm32f1xx_hal_tim_ex.o(i.TIMEx_DMACommutationCplt), (16 bytes).
    Removing stm32f1xx_hal_tim_ex.o(i.TIMEx_DMACommutationHalfCplt), (16 bytes).
    Removing stm32f1xx_hal_tim_ex.o(i.TIM_CCxNChannelCmd), (26 bytes).
    Removing stm32f1xx_hal_tim_ex.o(i.TIM_DMADelayPulseNCplt), (94 bytes).
    Removing stm32f1xx_hal_tim_ex.o(i.TIM_DMAErrorCCxN), (62 bytes).
    Removing system_stm32f1xx.o(.rev16_text), (4 bytes).
    Removing system_stm32f1xx.o(.revsh_text), (4 bytes).
    Removing system_stm32f1xx.o(.rrx_text), (6 bytes).
    Removing system_stm32f1xx.o(i.SystemCoreClockUpdate), (104 bytes).
    Removing fmul.o(.text), (100 bytes).
    Removing fdiv.o(.text), (124 bytes).
    Removing ddiv.o(.text), (222 bytes).
    Removing ffltui.o(.text), (10 bytes).
    Removing dfltui.o(.text), (26 bytes).
    Removing cfcmple.o(.text), (20 bytes).
    Removing fepilogue.o(.text), (110 bytes).
    Removing depilogue.o(.text), (186 bytes).
    Removing ws2812.o(i.LINE_UpdateBuf), (16 bytes).
    Removing ws2812.o(i.LINE_SetBuf), (14 bytes).
    Removing ws2812.o(i.OUT_ClearBuf), (14 bytes).
    Removing ws2812.o(i.OUT_UpdateBuf), (14 bytes).
    Removing ws2812.o(i.WS2812B_ClearBuf), (10 bytes).
    Removing ws2812.o(i.WS2812B_SetBuf), (10 bytes).
    Removing ws2812.o(i.ALL_SetBuf), (14 bytes).

392 unused section(s) (total 25154 bytes) removed from the image.

==============================================================================

Image Symbol Table

    Local Symbols

    Symbol Name                              Value     Ov Type        Size  Object(Section)

    ../Core/Src/dma.c                        0x00000000   Number         0  dma.o ABSOLUTE
    ../Core/Src/gpio.c                       0x00000000   Number         0  gpio.o ABSOLUTE
    ../Core/Src/main.c                       0x00000000   Number         0  main.o ABSOLUTE
    ../Core/Src/rtc.c                        0x00000000   Number         0  rtc.o ABSOLUTE
    ../Core/Src/stm32f1xx_hal_msp.c          0x00000000   Number         0  stm32f1xx_hal_msp.o ABSOLUTE
    ../Core/Src/stm32f1xx_it.c               0x00000000   Number         0  stm32f1xx_it.o ABSOLUTE
    ../Core/Src/system_stm32f1xx.c           0x00000000   Number         0  system_stm32f1xx.o ABSOLUTE
    ../Core/Src/tim.c                        0x00000000   Number         0  tim.o ABSOLUTE
    ../Drivers/STM32F1xx_HAL_Driver/Src/stm32f1xx_hal.c 0x00000000   Number         0  stm32f1xx_hal.o ABSOLUTE
    ../Drivers/STM32F1xx_HAL_Driver/Src/stm32f1xx_hal_cortex.c 0x00000000   Number         0  stm32f1xx_hal_cortex.o ABSOLUTE
    ../Drivers/STM32F1xx_HAL_Driver/Src/stm32f1xx_hal_dma.c 0x00000000   Number         0  stm32f1xx_hal_dma.o ABSOLUTE
    ../Drivers/STM32F1xx_HAL_Driver/Src/stm32f1xx_hal_exti.c 0x00000000   Number         0  stm32f1xx_hal_exti.o ABSOLUTE
    ../Drivers/STM32F1xx_HAL_Driver/Src/stm32f1xx_hal_flash.c 0x00000000   Number         0  stm32f1xx_hal_flash.o ABSOLUTE
    ../Drivers/STM32F1xx_HAL_Driver/Src/stm32f1xx_hal_flash_ex.c 0x00000000   Number         0  stm32f1xx_hal_flash_ex.o ABSOLUTE
    ../Drivers/STM32F1xx_HAL_Driver/Src/stm32f1xx_hal_gpio.c 0x00000000   Number         0  stm32f1xx_hal_gpio.o ABSOLUTE
    ../Drivers/STM32F1xx_HAL_Driver/Src/stm32f1xx_hal_gpio_ex.c 0x00000000   Number         0  stm32f1xx_hal_gpio_ex.o ABSOLUTE
    ../Drivers/STM32F1xx_HAL_Driver/Src/stm32f1xx_hal_pwr.c 0x00000000   Number         0  stm32f1xx_hal_pwr.o ABSOLUTE
    ../Drivers/STM32F1xx_HAL_Driver/Src/stm32f1xx_hal_rcc.c 0x00000000   Number         0  stm32f1xx_hal_rcc.o ABSOLUTE
    ../Drivers/STM32F1xx_HAL_Driver/Src/stm32f1xx_hal_rcc_ex.c 0x00000000   Number         0  stm32f1xx_hal_rcc_ex.o ABSOLUTE
    ../Drivers/STM32F1xx_HAL_Driver/Src/stm32f1xx_hal_rtc.c 0x00000000   Number         0  stm32f1xx_hal_rtc.o ABSOLUTE
    ../Drivers/STM32F1xx_HAL_Driver/Src/stm32f1xx_hal_rtc_ex.c 0x00000000   Number         0  stm32f1xx_hal_rtc_ex.o ABSOLUTE
    ../Drivers/STM32F1xx_HAL_Driver/Src/stm32f1xx_hal_tim.c 0x00000000   Number         0  stm32f1xx_hal_tim.o ABSOLUTE
    ../Drivers/STM32F1xx_HAL_Driver/Src/stm32f1xx_hal_tim_ex.c 0x00000000   Number         0  stm32f1xx_hal_tim_ex.o ABSOLUTE
    ../clib/microlib/init/entry.s            0x00000000   Number         0  entry8a.o ABSOLUTE
    ../clib/microlib/init/entry.s            0x00000000   Number         0  entry7a.o ABSOLUTE
    ../clib/microlib/init/entry.s            0x00000000   Number         0  entry5.o ABSOLUTE
    ../clib/microlib/init/entry.s            0x00000000   Number         0  entry.o ABSOLUTE
    ../clib/microlib/init/entry.s            0x00000000   Number         0  entry7b.o ABSOLUTE
    ../clib/microlib/init/entry.s            0x00000000   Number         0  entry2.o ABSOLUTE
    ../clib/microlib/init/entry.s            0x00000000   Number         0  entry8b.o ABSOLUTE
    ../clib/microlib/init/entry.s            0x00000000   Number         0  entry11b.o ABSOLUTE
    ../clib/microlib/init/entry.s            0x00000000   Number         0  entry11a.o ABSOLUTE
    ../clib/microlib/init/entry.s            0x00000000   Number         0  entry10b.o ABSOLUTE
    ../clib/microlib/init/entry.s            0x00000000   Number         0  entry10a.o ABSOLUTE
    ../clib/microlib/init/entry.s            0x00000000   Number         0  entry9b.o ABSOLUTE
    ../clib/microlib/init/entry.s            0x00000000   Number         0  entry9a.o ABSOLUTE
    ../clib/microlib/longlong.c              0x00000000   Number         0  llshl.o ABSOLUTE
    ../clib/microlib/longlong.c              0x00000000   Number         0  llushr.o ABSOLUTE
    ../clib/microlib/string/memset.c         0x00000000   Number         0  memseta.o ABSOLUTE
    ../clib/microlib/stubs.s                 0x00000000   Number         0  iusefp.o ABSOLUTE
    ../fplib/microlib/fpdiv.c                0x00000000   Number         0  fdiv.o ABSOLUTE
    ../fplib/microlib/fpdiv.c                0x00000000   Number         0  ddiv.o ABSOLUTE
    ../fplib/microlib/fpepilogue.c           0x00000000   Number         0  depilogue.o ABSOLUTE
    ../fplib/microlib/fpepilogue.c           0x00000000   Number         0  fepilogue.o ABSOLUTE
    ../fplib/microlib/fpflt.c                0x00000000   Number         0  ffltui.o ABSOLUTE
    ../fplib/microlib/fpflt.c                0x00000000   Number         0  dfltui.o ABSOLUTE
    ../fplib/microlib/fpmul.c                0x00000000   Number         0  fmul.o ABSOLUTE
    ..\BSP\WS2812.c                          0x00000000   Number         0  ws2812.o ABSOLUTE
    ..\BSP\bsp_dwt.c                         0x00000000   Number         0  bsp_dwt.o ABSOLUTE
    ..\ContrlSys\ctr.c                       0x00000000   Number         0  ctr.o ABSOLUTE
    ..\ContrlSys\vibra.c                     0x00000000   Number         0  vibra.o ABSOLUTE
    ..\Core\Src\dma.c                        0x00000000   Number         0  dma.o ABSOLUTE
    ..\Core\Src\gpio.c                       0x00000000   Number         0  gpio.o ABSOLUTE
    ..\Core\Src\main.c                       0x00000000   Number         0  main.o ABSOLUTE
    ..\Core\Src\rtc.c                        0x00000000   Number         0  rtc.o ABSOLUTE
    ..\Core\Src\stm32f1xx_hal_msp.c          0x00000000   Number         0  stm32f1xx_hal_msp.o ABSOLUTE
    ..\Core\Src\stm32f1xx_it.c               0x00000000   Number         0  stm32f1xx_it.o ABSOLUTE
    ..\Core\Src\system_stm32f1xx.c           0x00000000   Number         0  system_stm32f1xx.o ABSOLUTE
    ..\Core\Src\tim.c                        0x00000000   Number         0  tim.o ABSOLUTE
    ..\Drivers\STM32F1xx_HAL_Driver\Src\stm32f1xx_hal.c 0x00000000   Number         0  stm32f1xx_hal.o ABSOLUTE
    ..\Drivers\STM32F1xx_HAL_Driver\Src\stm32f1xx_hal_cortex.c 0x00000000   Number         0  stm32f1xx_hal_cortex.o ABSOLUTE
    ..\Drivers\STM32F1xx_HAL_Driver\Src\stm32f1xx_hal_dma.c 0x00000000   Number         0  stm32f1xx_hal_dma.o ABSOLUTE
    ..\Drivers\STM32F1xx_HAL_Driver\Src\stm32f1xx_hal_exti.c 0x00000000   Number         0  stm32f1xx_hal_exti.o ABSOLUTE
    ..\Drivers\STM32F1xx_HAL_Driver\Src\stm32f1xx_hal_flash.c 0x00000000   Number         0  stm32f1xx_hal_flash.o ABSOLUTE
    ..\Drivers\STM32F1xx_HAL_Driver\Src\stm32f1xx_hal_flash_ex.c 0x00000000   Number         0  stm32f1xx_hal_flash_ex.o ABSOLUTE
    ..\Drivers\STM32F1xx_HAL_Driver\Src\stm32f1xx_hal_gpio.c 0x00000000   Number         0  stm32f1xx_hal_gpio.o ABSOLUTE
    ..\Drivers\STM32F1xx_HAL_Driver\Src\stm32f1xx_hal_gpio_ex.c 0x00000000   Number         0  stm32f1xx_hal_gpio_ex.o ABSOLUTE
    ..\Drivers\STM32F1xx_HAL_Driver\Src\stm32f1xx_hal_pwr.c 0x00000000   Number         0  stm32f1xx_hal_pwr.o ABSOLUTE
    ..\Drivers\STM32F1xx_HAL_Driver\Src\stm32f1xx_hal_rcc.c 0x00000000   Number         0  stm32f1xx_hal_rcc.o ABSOLUTE
    ..\Drivers\STM32F1xx_HAL_Driver\Src\stm32f1xx_hal_rcc_ex.c 0x00000000   Number         0  stm32f1xx_hal_rcc_ex.o ABSOLUTE
    ..\Drivers\STM32F1xx_HAL_Driver\Src\stm32f1xx_hal_rtc.c 0x00000000   Number         0  stm32f1xx_hal_rtc.o ABSOLUTE
    ..\Drivers\STM32F1xx_HAL_Driver\Src\stm32f1xx_hal_rtc_ex.c 0x00000000   Number         0  stm32f1xx_hal_rtc_ex.o ABSOLUTE
    ..\Drivers\STM32F1xx_HAL_Driver\Src\stm32f1xx_hal_tim.c 0x00000000   Number         0  stm32f1xx_hal_tim.o ABSOLUTE
    ..\Drivers\STM32F1xx_HAL_Driver\Src\stm32f1xx_hal_tim_ex.c 0x00000000   Number         0  stm32f1xx_hal_tim_ex.o ABSOLUTE
    ..\\BSP\\WS2812.c                        0x00000000   Number         0  ws2812.o ABSOLUTE
    ..\\BSP\\bsp_dwt.c                       0x00000000   Number         0  bsp_dwt.o ABSOLUTE
    ..\\ContrlSys\\ctr.c                     0x00000000   Number         0  ctr.o ABSOLUTE
    ..\\ContrlSys\\vibra.c                   0x00000000   Number         0  vibra.o ABSOLUTE
    cfcmple.s                                0x00000000   Number         0  cfcmple.o ABSOLUTE
    dc.s                                     0x00000000   Number         0  dc.o ABSOLUTE
    handlers.s                               0x00000000   Number         0  handlers.o ABSOLUTE
    init.s                                   0x00000000   Number         0  init.o ABSOLUTE
    startup_stm32f103xe.s                    0x00000000   Number         0  startup_stm32f103xe.o ABSOLUTE
    RESET                                    0x08000000   Section      304  startup_stm32f103xe.o(RESET)
    .ARM.Collect$$$$00000000                 0x08000130   Section        0  entry.o(.ARM.Collect$$$$00000000)
    .ARM.Collect$$$$00000001                 0x08000130   Section        4  entry2.o(.ARM.Collect$$$$00000001)
    .ARM.Collect$$$$00000004                 0x08000134   Section        4  entry5.o(.ARM.Collect$$$$00000004)
    .ARM.Collect$$$$00000008                 0x08000138   Section        0  entry7b.o(.ARM.Collect$$$$00000008)
    .ARM.Collect$$$$0000000A                 0x08000138   Section        0  entry8b.o(.ARM.Collect$$$$0000000A)
    .ARM.Collect$$$$0000000B                 0x08000138   Section        8  entry9a.o(.ARM.Collect$$$$0000000B)
    .ARM.Collect$$$$0000000D                 0x08000140   Section        0  entry10a.o(.ARM.Collect$$$$0000000D)
    .ARM.Collect$$$$0000000F                 0x08000140   Section        0  entry11a.o(.ARM.Collect$$$$0000000F)
    .ARM.Collect$$$$00002712                 0x08000140   Section        4  entry2.o(.ARM.Collect$$$$00002712)
    __lit__00000000                          0x08000140   Data           4  entry2.o(.ARM.Collect$$$$00002712)
    .text                                    0x08000144   Section       36  startup_stm32f103xe.o(.text)
    .text                                    0x08000168   Section        0  memseta.o(.text)
    .text                                    0x0800018c   Section       36  init.o(.text)
    i.BusFault_Handler                       0x080001b0   Section        0  stm32f1xx_it.o(i.BusFault_Handler)
    i.DMA1_Channel1_IRQHandler               0x080001b4   Section        0  stm32f1xx_it.o(i.DMA1_Channel1_IRQHandler)
    i.DMA1_Channel2_IRQHandler               0x080001c0   Section        0  stm32f1xx_it.o(i.DMA1_Channel2_IRQHandler)
    i.DMA1_Channel3_IRQHandler               0x080001cc   Section        0  stm32f1xx_it.o(i.DMA1_Channel3_IRQHandler)
    i.DMA1_Channel5_IRQHandler               0x080001d8   Section        0  stm32f1xx_it.o(i.DMA1_Channel5_IRQHandler)
    i.DMA2_Channel1_IRQHandler               0x080001e4   Section        0  stm32f1xx_it.o(i.DMA2_Channel1_IRQHandler)
    i.DMA2_Channel4_5_IRQHandler             0x080001f0   Section        0  stm32f1xx_it.o(i.DMA2_Channel4_5_IRQHandler)
    i.DMA_SetConfig                          0x080001fc   Section        0  stm32f1xx_hal_dma.o(i.DMA_SetConfig)
    DMA_SetConfig                            0x080001fd   Thumb Code    42  stm32f1xx_hal_dma.o(i.DMA_SetConfig)
    i.DebugMon_Handler                       0x08000226   Section        0  stm32f1xx_it.o(i.DebugMon_Handler)
    i.EXTI15_10_IRQHandler                   0x08000228   Section        0  stm32f1xx_it.o(i.EXTI15_10_IRQHandler)
    i.EXTI1_IRQHandler                       0x08000230   Section        0  stm32f1xx_it.o(i.EXTI1_IRQHandler)
    i.Error_Handler                          0x08000236   Section        0  main.o(i.Error_Handler)
    i.HAL_DMA_Abort_IT                       0x0800023c   Section        0  stm32f1xx_hal_dma.o(i.HAL_DMA_Abort_IT)
    i.HAL_DMA_IRQHandler                     0x0800036c   Section        0  stm32f1xx_hal_dma.o(i.HAL_DMA_IRQHandler)
    i.HAL_DMA_Init                           0x080005b4   Section        0  stm32f1xx_hal_dma.o(i.HAL_DMA_Init)
    i.HAL_DMA_Start_IT                       0x08000630   Section        0  stm32f1xx_hal_dma.o(i.HAL_DMA_Start_IT)
    i.HAL_Delay                              0x080006a0   Section        0  stm32f1xx_hal.o(i.HAL_Delay)
    i.HAL_GPIO_EXTI_Callback                 0x080006c4   Section        0  main.o(i.HAL_GPIO_EXTI_Callback)
    i.HAL_GPIO_EXTI_IRQHandler               0x08000724   Section        0  stm32f1xx_hal_gpio.o(i.HAL_GPIO_EXTI_IRQHandler)
    i.HAL_GPIO_Init                          0x0800073c   Section        0  stm32f1xx_hal_gpio.o(i.HAL_GPIO_Init)
    i.HAL_GPIO_ReadPin                       0x0800092c   Section        0  stm32f1xx_hal_gpio.o(i.HAL_GPIO_ReadPin)
    i.HAL_GPIO_WritePin                      0x08000936   Section        0  stm32f1xx_hal_gpio.o(i.HAL_GPIO_WritePin)
    i.HAL_GetTick                            0x08000940   Section        0  stm32f1xx_hal.o(i.HAL_GetTick)
    i.HAL_IncTick                            0x0800094c   Section        0  stm32f1xx_hal.o(i.HAL_IncTick)
    i.HAL_Init                               0x0800095c   Section        0  stm32f1xx_hal.o(i.HAL_Init)
    i.HAL_InitTick                           0x08000980   Section        0  stm32f1xx_hal.o(i.HAL_InitTick)
    i.HAL_MspInit                            0x080009c0   Section        0  stm32f1xx_hal_msp.o(i.HAL_MspInit)
    i.HAL_NVIC_EnableIRQ                     0x080009fc   Section        0  stm32f1xx_hal_cortex.o(i.HAL_NVIC_EnableIRQ)
    i.HAL_NVIC_SetPriority                   0x08000a18   Section        0  stm32f1xx_hal_cortex.o(i.HAL_NVIC_SetPriority)
    i.HAL_NVIC_SetPriorityGrouping           0x08000a58   Section        0  stm32f1xx_hal_cortex.o(i.HAL_NVIC_SetPriorityGrouping)
    i.HAL_PWR_EnableBkUpAccess               0x08000a7c   Section        0  stm32f1xx_hal_pwr.o(i.HAL_PWR_EnableBkUpAccess)
    i.HAL_RCCEx_GetPeriphCLKFreq             0x08000a88   Section        0  stm32f1xx_hal_rcc_ex.o(i.HAL_RCCEx_GetPeriphCLKFreq)
    i.HAL_RCCEx_PeriphCLKConfig              0x08000b5c   Section        0  stm32f1xx_hal_rcc_ex.o(i.HAL_RCCEx_PeriphCLKConfig)
    i.HAL_RCC_ClockConfig                    0x08000c44   Section        0  stm32f1xx_hal_rcc.o(i.HAL_RCC_ClockConfig)
    i.HAL_RCC_GetPCLK2Freq                   0x08000d7c   Section        0  stm32f1xx_hal_rcc.o(i.HAL_RCC_GetPCLK2Freq)
    i.HAL_RCC_GetSysClockFreq                0x08000d9c   Section        0  stm32f1xx_hal_rcc.o(i.HAL_RCC_GetSysClockFreq)
    i.HAL_RCC_OscConfig                      0x08000e08   Section        0  stm32f1xx_hal_rcc.o(i.HAL_RCC_OscConfig)
    i.HAL_RTCEx_RTCEventCallback             0x08001120   Section        0  stm32f1xx_hal_rtc_ex.o(i.HAL_RTCEx_RTCEventCallback)
    i.HAL_RTCEx_RTCEventErrorCallback        0x08001122   Section        0  stm32f1xx_hal_rtc_ex.o(i.HAL_RTCEx_RTCEventErrorCallback)
    i.HAL_RTCEx_RTCIRQHandler                0x08001124   Section        0  stm32f1xx_hal_rtc_ex.o(i.HAL_RTCEx_RTCIRQHandler)
    i.HAL_RTC_Init                           0x08001164   Section        0  stm32f1xx_hal_rtc.o(i.HAL_RTC_Init)
    i.HAL_RTC_MspInit                        0x08001204   Section        0  rtc.o(i.HAL_RTC_MspInit)
    i.HAL_RTC_SetDate                        0x0800124c   Section        0  stm32f1xx_hal_rtc.o(i.HAL_RTC_SetDate)
    i.HAL_RTC_SetTime                        0x08001310   Section        0  stm32f1xx_hal_rtc.o(i.HAL_RTC_SetTime)
    i.HAL_RTC_WaitForSynchro                 0x080013c0   Section        0  stm32f1xx_hal_rtc.o(i.HAL_RTC_WaitForSynchro)
    i.HAL_SYSTICK_Config                     0x080013fa   Section        0  stm32f1xx_hal_cortex.o(i.HAL_SYSTICK_Config)
    i.HAL_TIMEx_ConfigBreakDeadTime          0x08001422   Section        0  stm32f1xx_hal_tim_ex.o(i.HAL_TIMEx_ConfigBreakDeadTime)
    i.HAL_TIMEx_MasterConfigSynchronization  0x08001478   Section        0  stm32f1xx_hal_tim_ex.o(i.HAL_TIMEx_MasterConfigSynchronization)
    i.HAL_TIM_Base_Init                      0x080014f4   Section        0  stm32f1xx_hal_tim.o(i.HAL_TIM_Base_Init)
    i.HAL_TIM_Base_MspInit                   0x08001550   Section        0  tim.o(i.HAL_TIM_Base_MspInit)
    i.HAL_TIM_ConfigClockSource              0x080015b0   Section        0  stm32f1xx_hal_tim.o(i.HAL_TIM_ConfigClockSource)
    i.HAL_TIM_ErrorCallback                  0x08001686   Section        0  stm32f1xx_hal_tim.o(i.HAL_TIM_ErrorCallback)
    i.HAL_TIM_MspPostInit                    0x08001688   Section        0  tim.o(i.HAL_TIM_MspPostInit)
    i.HAL_TIM_PWM_ConfigChannel              0x080017b4   Section        0  stm32f1xx_hal_tim.o(i.HAL_TIM_PWM_ConfigChannel)
    i.HAL_TIM_PWM_Init                       0x0800187a   Section        0  stm32f1xx_hal_tim.o(i.HAL_TIM_PWM_Init)
    i.HAL_TIM_PWM_MspInit                    0x080018d4   Section        0  tim.o(i.HAL_TIM_PWM_MspInit)
    i.HAL_TIM_PWM_PulseFinishedCallback      0x08001a1c   Section        0  ws2812.o(i.HAL_TIM_PWM_PulseFinishedCallback)
    i.HAL_TIM_PWM_PulseFinishedHalfCpltCallback 0x08001a8c   Section        0  stm32f1xx_hal_tim.o(i.HAL_TIM_PWM_PulseFinishedHalfCpltCallback)
    i.HAL_TIM_PWM_Start_DMA                  0x08001a90   Section        0  stm32f1xx_hal_tim.o(i.HAL_TIM_PWM_Start_DMA)
    i.HAL_TIM_PWM_Stop_DMA                   0x08001c38   Section        0  stm32f1xx_hal_tim.o(i.HAL_TIM_PWM_Stop_DMA)
    i.HardFault_Handler                      0x08001cf8   Section        0  stm32f1xx_it.o(i.HardFault_Handler)
    i.LED_YUAN_Init                          0x08001cfa   Section        0  ctr.o(i.LED_YUAN_Init)
    i.MX_DMA_Init                            0x08001d1c   Section        0  dma.o(i.MX_DMA_Init)
    i.MX_GPIO_Init                           0x08001da8   Section        0  gpio.o(i.MX_GPIO_Init)
    i.MX_RTC_Init                            0x08001eac   Section        0  rtc.o(i.MX_RTC_Init)
    i.MX_TIM1_Init                           0x08001f14   Section        0  tim.o(i.MX_TIM1_Init)
    i.MX_TIM2_Init                           0x08001fb0   Section        0  tim.o(i.MX_TIM2_Init)
    i.MX_TIM3_Init                           0x0800201c   Section        0  tim.o(i.MX_TIM3_Init)
    i.MX_TIM4_Init                           0x080020b0   Section        0  tim.o(i.MX_TIM4_Init)
    i.MX_TIM5_Init                           0x0800211c   Section        0  tim.o(i.MX_TIM5_Init)
    i.MX_TIM8_Init                           0x08002188   Section        0  tim.o(i.MX_TIM8_Init)
    i.MemManage_Handler                      0x08002224   Section        0  stm32f1xx_it.o(i.MemManage_Handler)
    i.NMI_Handler                            0x08002226   Section        0  stm32f1xx_it.o(i.NMI_Handler)
    i.PendSV_Handler                         0x08002228   Section        0  stm32f1xx_it.o(i.PendSV_Handler)
    i.RTC_Bcd2ToByte                         0x0800222a   Section        0  stm32f1xx_hal_rtc.o(i.RTC_Bcd2ToByte)
    RTC_Bcd2ToByte                           0x0800222b   Thumb Code    18  stm32f1xx_hal_rtc.o(i.RTC_Bcd2ToByte)
    i.RTC_EnterInitMode                      0x0800223c   Section        0  stm32f1xx_hal_rtc.o(i.RTC_EnterInitMode)
    RTC_EnterInitMode                        0x0800223d   Thumb Code    52  stm32f1xx_hal_rtc.o(i.RTC_EnterInitMode)
    i.RTC_ExitInitMode                       0x08002270   Section        0  stm32f1xx_hal_rtc.o(i.RTC_ExitInitMode)
    RTC_ExitInitMode                         0x08002271   Thumb Code    52  stm32f1xx_hal_rtc.o(i.RTC_ExitInitMode)
    i.RTC_IRQHandler                         0x080022a4   Section        0  stm32f1xx_it.o(i.RTC_IRQHandler)
    i.RTC_ReadAlarmCounter                   0x080022b0   Section        0  stm32f1xx_hal_rtc.o(i.RTC_ReadAlarmCounter)
    RTC_ReadAlarmCounter                     0x080022b1   Thumb Code    14  stm32f1xx_hal_rtc.o(i.RTC_ReadAlarmCounter)
    i.RTC_ReadTimeCounter                    0x080022be   Section        0  stm32f1xx_hal_rtc.o(i.RTC_ReadTimeCounter)
    RTC_ReadTimeCounter                      0x080022bf   Thumb Code    32  stm32f1xx_hal_rtc.o(i.RTC_ReadTimeCounter)
    i.RTC_WeekDayNum                         0x080022de   Section        0  stm32f1xx_hal_rtc.o(i.RTC_WeekDayNum)
    RTC_WeekDayNum                           0x080022df   Thumb Code    86  stm32f1xx_hal_rtc.o(i.RTC_WeekDayNum)
    i.RTC_WriteAlarmCounter                  0x08002334   Section        0  stm32f1xx_hal_rtc.o(i.RTC_WriteAlarmCounter)
    RTC_WriteAlarmCounter                    0x08002335   Thumb Code    40  stm32f1xx_hal_rtc.o(i.RTC_WriteAlarmCounter)
    i.RTC_WriteTimeCounter                   0x0800235c   Section        0  stm32f1xx_hal_rtc.o(i.RTC_WriteTimeCounter)
    RTC_WriteTimeCounter                     0x0800235d   Thumb Code    40  stm32f1xx_hal_rtc.o(i.RTC_WriteTimeCounter)
    i.SVC_Handler                            0x08002384   Section        0  stm32f1xx_it.o(i.SVC_Handler)
    i.SysTick_Handler                        0x08002386   Section        0  stm32f1xx_it.o(i.SysTick_Handler)
    i.SystemClock_Config                     0x0800238a   Section        0  main.o(i.SystemClock_Config)
    i.SystemInit                             0x0800240a   Section        0  system_stm32f1xx.o(i.SystemInit)
    i.TIM_Base_SetConfig                     0x0800240c   Section        0  stm32f1xx_hal_tim.o(i.TIM_Base_SetConfig)
    i.TIM_CCxChannelCmd                      0x08002498   Section        0  stm32f1xx_hal_tim.o(i.TIM_CCxChannelCmd)
    i.TIM_DMADelayPulseCplt                  0x080024b2   Section        0  stm32f1xx_hal_tim.o(i.TIM_DMADelayPulseCplt)
    TIM_DMADelayPulseCplt                    0x080024b3   Thumb Code    94  stm32f1xx_hal_tim.o(i.TIM_DMADelayPulseCplt)
    i.TIM_DMADelayPulseHalfCplt              0x08002510   Section        0  stm32f1xx_hal_tim.o(i.TIM_DMADelayPulseHalfCplt)
    i.TIM_DMAError                           0x08002548   Section        0  stm32f1xx_hal_tim.o(i.TIM_DMAError)
    i.TIM_ETR_SetConfig                      0x0800259c   Section        0  stm32f1xx_hal_tim.o(i.TIM_ETR_SetConfig)
    i.TIM_ITRx_SetConfig                     0x080025b0   Section        0  stm32f1xx_hal_tim.o(i.TIM_ITRx_SetConfig)
    TIM_ITRx_SetConfig                       0x080025b1   Thumb Code    16  stm32f1xx_hal_tim.o(i.TIM_ITRx_SetConfig)
    i.TIM_OC1_SetConfig                      0x080025c0   Section        0  stm32f1xx_hal_tim.o(i.TIM_OC1_SetConfig)
    TIM_OC1_SetConfig                        0x080025c1   Thumb Code    88  stm32f1xx_hal_tim.o(i.TIM_OC1_SetConfig)
    i.TIM_OC2_SetConfig                      0x08002620   Section        0  stm32f1xx_hal_tim.o(i.TIM_OC2_SetConfig)
    i.TIM_OC3_SetConfig                      0x0800268c   Section        0  stm32f1xx_hal_tim.o(i.TIM_OC3_SetConfig)
    TIM_OC3_SetConfig                        0x0800268d   Thumb Code    96  stm32f1xx_hal_tim.o(i.TIM_OC3_SetConfig)
    i.TIM_OC4_SetConfig                      0x080026f4   Section        0  stm32f1xx_hal_tim.o(i.TIM_OC4_SetConfig)
    TIM_OC4_SetConfig                        0x080026f5   Thumb Code    70  stm32f1xx_hal_tim.o(i.TIM_OC4_SetConfig)
    i.TIM_TI1_ConfigInputStage               0x08002744   Section        0  stm32f1xx_hal_tim.o(i.TIM_TI1_ConfigInputStage)
    TIM_TI1_ConfigInputStage                 0x08002745   Thumb Code    34  stm32f1xx_hal_tim.o(i.TIM_TI1_ConfigInputStage)
    i.TIM_TI2_ConfigInputStage               0x08002766   Section        0  stm32f1xx_hal_tim.o(i.TIM_TI2_ConfigInputStage)
    TIM_TI2_ConfigInputStage                 0x08002767   Thumb Code    36  stm32f1xx_hal_tim.o(i.TIM_TI2_ConfigInputStage)
    i.Test1                                  0x0800278c   Section        0  ctr.o(i.Test1)
    i.Test3                                  0x080027d8   Section        0  ctr.o(i.Test3)
    i.UsageFault_Handler                     0x080028c0   Section        0  stm32f1xx_it.o(i.UsageFault_Handler)
    i.Vibra_monitor                          0x080028c4   Section        0  vibra.o(i.Vibra_monitor)
    i.__NVIC_SetPriority                     0x08002978   Section        0  stm32f1xx_hal_cortex.o(i.__NVIC_SetPriority)
    __NVIC_SetPriority                       0x08002979   Thumb Code    32  stm32f1xx_hal_cortex.o(i.__NVIC_SetPriority)
    i.__scatterload_copy                     0x08002998   Section       14  handlers.o(i.__scatterload_copy)
    i.__scatterload_null                     0x080029a6   Section        2  handlers.o(i.__scatterload_null)
    i.__scatterload_zeroinit                 0x080029a8   Section       14  handlers.o(i.__scatterload_zeroinit)
    i.boot_init                              0x080029b8   Section        0  ctr.o(i.boot_init)
    i.close_all                              0x080029d8   Section        0  ctr.o(i.close_all)
    i.control_template_bit                   0x080029f8   Section        0  ws2812.o(i.control_template_bit)
    i.control_template_buff                  0x08002a48   Section        0  ws2812.o(i.control_template_buff)
    i.ctr_fan                                0x08002a60   Section        0  ctr.o(i.ctr_fan)
    i.ctr_fan1                               0x08002c64   Section        0  ctr.o(i.ctr_fan1)
    i.disturbance_init                       0x08002e20   Section        0  vibra.o(i.disturbance_init)
    i.draw_arrows                            0x08002e40   Section        0  ctr.o(i.draw_arrows)
    i.fan_init                               0x08002ef4   Section        0  ctr.o(i.fan_init)
    i.fan_list_init                          0x08002f28   Section        0  ctr.o(i.fan_list_init)
    i.fan_logic                              0x08002f80   Section        0  ctr.o(i.fan_logic)
    i.led_circle_Init                        0x08003054   Section        0  ctr.o(i.led_circle_Init)
    i.light_flow                             0x08003074   Section        0  ctr.o(i.light_flow)
    i.light_on                               0x08003092   Section        0  ctr.o(i.light_on)
    i.line_init                              0x080030ce   Section        0  ctr.o(i.line_init)
    i.main                                   0x080030f4   Section        0  main.o(i.main)
    i.vibra_init                             0x080031a4   Section        0  vibra.o(i.vibra_init)
    .constdata                               0x080031bc   Section       16  system_stm32f1xx.o(.constdata)
    .constdata                               0x080031cc   Section        8  system_stm32f1xx.o(.constdata)
    .data                                    0x20000000   Section       20  main.o(.data)
    .data                                    0x20000014   Section       32  ws2812.o(.data)
    .data                                    0x20000034   Section       80  ctr.o(.data)
    .data                                    0x20000084   Section       12  stm32f1xx_hal.o(.data)
    .data                                    0x20000090   Section        4  system_stm32f1xx.o(.data)
    .bss                                     0x20000094   Section       20  rtc.o(.bss)
    .bss                                     0x200000a8   Section      840  tim.o(.bss)
    .bss                                     0x200003f0   Section    40104  ws2812.o(.bss)
    .bss                                     0x2000a098   Section      100  ctr.o(.bss)
    .bss                                     0x2000a0fc   Section       40  vibra.o(.bss)
    STACK                                    0x2000a128   Section     1280  startup_stm32f103xe.o(STACK)

    Global Symbols

    Symbol Name                              Value     Ov Type        Size  Object(Section)

    BuildAttributes$$THM_ISAv4$P$D$K$B$S$PE$A:L22UL41UL21$X:L11$S22US41US21$IEEE1$IW$USESV6$~STKCKD$USESV7$~SHL$OTIME$ROPI$EBA8$MICROLIB$REQ8$PRES8$EABIv2 0x00000000   Number         0  anon$$obj.o ABSOLUTE
    __ARM_use_no_argv                        0x00000000   Number         0  main.o ABSOLUTE
    __cpp_initialize__aeabi_                  - Undefined Weak Reference
    __cxa_finalize                            - Undefined Weak Reference
    __decompress                              - Undefined Weak Reference
    _clock_init                               - Undefined Weak Reference
    _microlib_exit                            - Undefined Weak Reference
    __Vectors_Size                           0x00000130   Number         0  startup_stm32f103xe.o ABSOLUTE
    __Vectors                                0x08000000   Data           4  startup_stm32f103xe.o(RESET)
    __Vectors_End                            0x08000130   Data           0  startup_stm32f103xe.o(RESET)
    __main                                   0x08000131   Thumb Code     0  entry.o(.ARM.Collect$$$$00000000)
    _main_stk                                0x08000131   Thumb Code     0  entry2.o(.ARM.Collect$$$$00000001)
    _main_scatterload                        0x08000135   Thumb Code     0  entry5.o(.ARM.Collect$$$$00000004)
    __main_after_scatterload                 0x08000139   Thumb Code     0  entry5.o(.ARM.Collect$$$$00000004)
    _main_clock                              0x08000139   Thumb Code     0  entry7b.o(.ARM.Collect$$$$00000008)
    _main_cpp_init                           0x08000139   Thumb Code     0  entry8b.o(.ARM.Collect$$$$0000000A)
    _main_init                               0x08000139   Thumb Code     0  entry9a.o(.ARM.Collect$$$$0000000B)
    __rt_final_cpp                           0x08000141   Thumb Code     0  entry10a.o(.ARM.Collect$$$$0000000D)
    __rt_final_exit                          0x08000141   Thumb Code     0  entry11a.o(.ARM.Collect$$$$0000000F)
    Reset_Handler                            0x08000145   Thumb Code     8  startup_stm32f103xe.o(.text)
    ADC1_2_IRQHandler                        0x0800015f   Thumb Code     0  startup_stm32f103xe.o(.text)
    ADC3_IRQHandler                          0x0800015f   Thumb Code     0  startup_stm32f103xe.o(.text)
    CAN1_RX1_IRQHandler                      0x0800015f   Thumb Code     0  startup_stm32f103xe.o(.text)
    CAN1_SCE_IRQHandler                      0x0800015f   Thumb Code     0  startup_stm32f103xe.o(.text)
    DMA1_Channel4_IRQHandler                 0x0800015f   Thumb Code     0  startup_stm32f103xe.o(.text)
    DMA1_Channel6_IRQHandler                 0x0800015f   Thumb Code     0  startup_stm32f103xe.o(.text)
    DMA1_Channel7_IRQHandler                 0x0800015f   Thumb Code     0  startup_stm32f103xe.o(.text)
    DMA2_Channel2_IRQHandler                 0x0800015f   Thumb Code     0  startup_stm32f103xe.o(.text)
    DMA2_Channel3_IRQHandler                 0x0800015f   Thumb Code     0  startup_stm32f103xe.o(.text)
    EXTI0_IRQHandler                         0x0800015f   Thumb Code     0  startup_stm32f103xe.o(.text)
    EXTI2_IRQHandler                         0x0800015f   Thumb Code     0  startup_stm32f103xe.o(.text)
    EXTI3_IRQHandler                         0x0800015f   Thumb Code     0  startup_stm32f103xe.o(.text)
    EXTI4_IRQHandler                         0x0800015f   Thumb Code     0  startup_stm32f103xe.o(.text)
    EXTI9_5_IRQHandler                       0x0800015f   Thumb Code     0  startup_stm32f103xe.o(.text)
    FLASH_IRQHandler                         0x0800015f   Thumb Code     0  startup_stm32f103xe.o(.text)
    FSMC_IRQHandler                          0x0800015f   Thumb Code     0  startup_stm32f103xe.o(.text)
    I2C1_ER_IRQHandler                       0x0800015f   Thumb Code     0  startup_stm32f103xe.o(.text)
    I2C1_EV_IRQHandler                       0x0800015f   Thumb Code     0  startup_stm32f103xe.o(.text)
    I2C2_ER_IRQHandler                       0x0800015f   Thumb Code     0  startup_stm32f103xe.o(.text)
    I2C2_EV_IRQHandler                       0x0800015f   Thumb Code     0  startup_stm32f103xe.o(.text)
    PVD_IRQHandler                           0x0800015f   Thumb Code     0  startup_stm32f103xe.o(.text)
    RCC_IRQHandler                           0x0800015f   Thumb Code     0  startup_stm32f103xe.o(.text)
    RTC_Alarm_IRQHandler                     0x0800015f   Thumb Code     0  startup_stm32f103xe.o(.text)
    SDIO_IRQHandler                          0x0800015f   Thumb Code     0  startup_stm32f103xe.o(.text)
    SPI1_IRQHandler                          0x0800015f   Thumb Code     0  startup_stm32f103xe.o(.text)
    SPI2_IRQHandler                          0x0800015f   Thumb Code     0  startup_stm32f103xe.o(.text)
    SPI3_IRQHandler                          0x0800015f   Thumb Code     0  startup_stm32f103xe.o(.text)
    TAMPER_IRQHandler                        0x0800015f   Thumb Code     0  startup_stm32f103xe.o(.text)
    TIM1_BRK_IRQHandler                      0x0800015f   Thumb Code     0  startup_stm32f103xe.o(.text)
    TIM1_CC_IRQHandler                       0x0800015f   Thumb Code     0  startup_stm32f103xe.o(.text)
    TIM1_TRG_COM_IRQHandler                  0x0800015f   Thumb Code     0  startup_stm32f103xe.o(.text)
    TIM1_UP_IRQHandler                       0x0800015f   Thumb Code     0  startup_stm32f103xe.o(.text)
    TIM2_IRQHandler                          0x0800015f   Thumb Code     0  startup_stm32f103xe.o(.text)
    TIM3_IRQHandler                          0x0800015f   Thumb Code     0  startup_stm32f103xe.o(.text)
    TIM4_IRQHandler                          0x0800015f   Thumb Code     0  startup_stm32f103xe.o(.text)
    TIM5_IRQHandler                          0x0800015f   Thumb Code     0  startup_stm32f103xe.o(.text)
    TIM6_IRQHandler                          0x0800015f   Thumb Code     0  startup_stm32f103xe.o(.text)
    TIM7_IRQHandler                          0x0800015f   Thumb Code     0  startup_stm32f103xe.o(.text)
    TIM8_BRK_IRQHandler                      0x0800015f   Thumb Code     0  startup_stm32f103xe.o(.text)
    TIM8_CC_IRQHandler                       0x0800015f   Thumb Code     0  startup_stm32f103xe.o(.text)
    TIM8_TRG_COM_IRQHandler                  0x0800015f   Thumb Code     0  startup_stm32f103xe.o(.text)
    TIM8_UP_IRQHandler                       0x0800015f   Thumb Code     0  startup_stm32f103xe.o(.text)
    UART4_IRQHandler                         0x0800015f   Thumb Code     0  startup_stm32f103xe.o(.text)
    UART5_IRQHandler                         0x0800015f   Thumb Code     0  startup_stm32f103xe.o(.text)
    USART1_IRQHandler                        0x0800015f   Thumb Code     0  startup_stm32f103xe.o(.text)
    USART2_IRQHandler                        0x0800015f   Thumb Code     0  startup_stm32f103xe.o(.text)
    USART3_IRQHandler                        0x0800015f   Thumb Code     0  startup_stm32f103xe.o(.text)
    USBWakeUp_IRQHandler                     0x0800015f   Thumb Code     0  startup_stm32f103xe.o(.text)
    USB_HP_CAN1_TX_IRQHandler                0x0800015f   Thumb Code     0  startup_stm32f103xe.o(.text)
    USB_LP_CAN1_RX0_IRQHandler               0x0800015f   Thumb Code     0  startup_stm32f103xe.o(.text)
    WWDG_IRQHandler                          0x0800015f   Thumb Code     0  startup_stm32f103xe.o(.text)
    __aeabi_memset                           0x08000169   Thumb Code    14  memseta.o(.text)
    __aeabi_memset4                          0x08000169   Thumb Code     0  memseta.o(.text)
    __aeabi_memset8                          0x08000169   Thumb Code     0  memseta.o(.text)
    __aeabi_memclr                           0x08000177   Thumb Code     4  memseta.o(.text)
    __aeabi_memclr4                          0x08000177   Thumb Code     0  memseta.o(.text)
    __aeabi_memclr8                          0x08000177   Thumb Code     0  memseta.o(.text)
    _memset$wrapper                          0x0800017b   Thumb Code    18  memseta.o(.text)
    __scatterload                            0x0800018d   Thumb Code    28  init.o(.text)
    __scatterload_rt2                        0x0800018d   Thumb Code     0  init.o(.text)
    BusFault_Handler                         0x080001b1   Thumb Code     2  stm32f1xx_it.o(i.BusFault_Handler)
    DMA1_Channel1_IRQHandler                 0x080001b5   Thumb Code     6  stm32f1xx_it.o(i.DMA1_Channel1_IRQHandler)
    DMA1_Channel2_IRQHandler                 0x080001c1   Thumb Code     6  stm32f1xx_it.o(i.DMA1_Channel2_IRQHandler)
    DMA1_Channel3_IRQHandler                 0x080001cd   Thumb Code     6  stm32f1xx_it.o(i.DMA1_Channel3_IRQHandler)
    DMA1_Channel5_IRQHandler                 0x080001d9   Thumb Code     6  stm32f1xx_it.o(i.DMA1_Channel5_IRQHandler)
    DMA2_Channel1_IRQHandler                 0x080001e5   Thumb Code     6  stm32f1xx_it.o(i.DMA2_Channel1_IRQHandler)
    DMA2_Channel4_5_IRQHandler               0x080001f1   Thumb Code     6  stm32f1xx_it.o(i.DMA2_Channel4_5_IRQHandler)
    DebugMon_Handler                         0x08000227   Thumb Code     2  stm32f1xx_it.o(i.DebugMon_Handler)
    EXTI15_10_IRQHandler                     0x08000229   Thumb Code     8  stm32f1xx_it.o(i.EXTI15_10_IRQHandler)
    EXTI1_IRQHandler                         0x08000231   Thumb Code     6  stm32f1xx_it.o(i.EXTI1_IRQHandler)
    Error_Handler                            0x08000237   Thumb Code     4  main.o(i.Error_Handler)
    HAL_DMA_Abort_IT                         0x0800023d   Thumb Code   296  stm32f1xx_hal_dma.o(i.HAL_DMA_Abort_IT)
    HAL_DMA_IRQHandler                       0x0800036d   Thumb Code   552  stm32f1xx_hal_dma.o(i.HAL_DMA_IRQHandler)
    HAL_DMA_Init                             0x080005b5   Thumb Code   112  stm32f1xx_hal_dma.o(i.HAL_DMA_Init)
    HAL_DMA_Start_IT                         0x08000631   Thumb Code   112  stm32f1xx_hal_dma.o(i.HAL_DMA_Start_IT)
    HAL_Delay                                0x080006a1   Thumb Code    32  stm32f1xx_hal.o(i.HAL_Delay)
    HAL_GPIO_EXTI_Callback                   0x080006c5   Thumb Code    84  main.o(i.HAL_GPIO_EXTI_Callback)
    HAL_GPIO_EXTI_IRQHandler                 0x08000725   Thumb Code    18  stm32f1xx_hal_gpio.o(i.HAL_GPIO_EXTI_IRQHandler)
    HAL_GPIO_Init                            0x0800073d   Thumb Code   454  stm32f1xx_hal_gpio.o(i.HAL_GPIO_Init)
    HAL_GPIO_ReadPin                         0x0800092d   Thumb Code    10  stm32f1xx_hal_gpio.o(i.HAL_GPIO_ReadPin)
    HAL_GPIO_WritePin                        0x08000937   Thumb Code    10  stm32f1xx_hal_gpio.o(i.HAL_GPIO_WritePin)
    HAL_GetTick                              0x08000941   Thumb Code     6  stm32f1xx_hal.o(i.HAL_GetTick)
    HAL_IncTick                              0x0800094d   Thumb Code    12  stm32f1xx_hal.o(i.HAL_IncTick)
    HAL_Init                                 0x0800095d   Thumb Code    32  stm32f1xx_hal.o(i.HAL_Init)
    HAL_InitTick                             0x08000981   Thumb Code    54  stm32f1xx_hal.o(i.HAL_InitTick)
    HAL_MspInit                              0x080009c1   Thumb Code    52  stm32f1xx_hal_msp.o(i.HAL_MspInit)
    HAL_NVIC_EnableIRQ                       0x080009fd   Thumb Code    26  stm32f1xx_hal_cortex.o(i.HAL_NVIC_EnableIRQ)
    HAL_NVIC_SetPriority                     0x08000a19   Thumb Code    60  stm32f1xx_hal_cortex.o(i.HAL_NVIC_SetPriority)
    HAL_NVIC_SetPriorityGrouping             0x08000a59   Thumb Code    26  stm32f1xx_hal_cortex.o(i.HAL_NVIC_SetPriorityGrouping)
    HAL_PWR_EnableBkUpAccess                 0x08000a7d   Thumb Code     8  stm32f1xx_hal_pwr.o(i.HAL_PWR_EnableBkUpAccess)
    HAL_RCCEx_GetPeriphCLKFreq               0x08000a89   Thumb Code   180  stm32f1xx_hal_rcc_ex.o(i.HAL_RCCEx_GetPeriphCLKFreq)
    HAL_RCCEx_PeriphCLKConfig                0x08000b5d   Thumb Code   220  stm32f1xx_hal_rcc_ex.o(i.HAL_RCCEx_PeriphCLKConfig)
    HAL_RCC_ClockConfig                      0x08000c45   Thumb Code   292  stm32f1xx_hal_rcc.o(i.HAL_RCC_ClockConfig)
    HAL_RCC_GetPCLK2Freq                     0x08000d7d   Thumb Code    20  stm32f1xx_hal_rcc.o(i.HAL_RCC_GetPCLK2Freq)
    HAL_RCC_GetSysClockFreq                  0x08000d9d   Thumb Code    74  stm32f1xx_hal_rcc.o(i.HAL_RCC_GetSysClockFreq)
    HAL_RCC_OscConfig                        0x08000e09   Thumb Code   770  stm32f1xx_hal_rcc.o(i.HAL_RCC_OscConfig)
    HAL_RTCEx_RTCEventCallback               0x08001121   Thumb Code     2  stm32f1xx_hal_rtc_ex.o(i.HAL_RTCEx_RTCEventCallback)
    HAL_RTCEx_RTCEventErrorCallback          0x08001123   Thumb Code     2  stm32f1xx_hal_rtc_ex.o(i.HAL_RTCEx_RTCEventErrorCallback)
    HAL_RTCEx_RTCIRQHandler                  0x08001125   Thumb Code    62  stm32f1xx_hal_rtc_ex.o(i.HAL_RTCEx_RTCIRQHandler)
    HAL_RTC_Init                             0x08001165   Thumb Code   154  stm32f1xx_hal_rtc.o(i.HAL_RTC_Init)
    HAL_RTC_MspInit                          0x08001205   Thumb Code    60  rtc.o(i.HAL_RTC_MspInit)
    HAL_RTC_SetDate                          0x0800124d   Thumb Code   192  stm32f1xx_hal_rtc.o(i.HAL_RTC_SetDate)
    HAL_RTC_SetTime                          0x08001311   Thumb Code   170  stm32f1xx_hal_rtc.o(i.HAL_RTC_SetTime)
    HAL_RTC_WaitForSynchro                   0x080013c1   Thumb Code    58  stm32f1xx_hal_rtc.o(i.HAL_RTC_WaitForSynchro)
    HAL_SYSTICK_Config                       0x080013fb   Thumb Code    40  stm32f1xx_hal_cortex.o(i.HAL_SYSTICK_Config)
    HAL_TIMEx_ConfigBreakDeadTime            0x08001423   Thumb Code    84  stm32f1xx_hal_tim_ex.o(i.HAL_TIMEx_ConfigBreakDeadTime)
    HAL_TIMEx_MasterConfigSynchronization    0x08001479   Thumb Code   104  stm32f1xx_hal_tim_ex.o(i.HAL_TIMEx_MasterConfigSynchronization)
    HAL_TIM_Base_Init                        0x080014f5   Thumb Code    90  stm32f1xx_hal_tim.o(i.HAL_TIM_Base_Init)
    HAL_TIM_Base_MspInit                     0x08001551   Thumb Code    80  tim.o(i.HAL_TIM_Base_MspInit)
    HAL_TIM_ConfigClockSource                0x080015b1   Thumb Code   214  stm32f1xx_hal_tim.o(i.HAL_TIM_ConfigClockSource)
    HAL_TIM_ErrorCallback                    0x08001687   Thumb Code     2  stm32f1xx_hal_tim.o(i.HAL_TIM_ErrorCallback)
    HAL_TIM_MspPostInit                      0x08001689   Thumb Code   258  tim.o(i.HAL_TIM_MspPostInit)
    HAL_TIM_PWM_ConfigChannel                0x080017b5   Thumb Code   198  stm32f1xx_hal_tim.o(i.HAL_TIM_PWM_ConfigChannel)
    HAL_TIM_PWM_Init                         0x0800187b   Thumb Code    90  stm32f1xx_hal_tim.o(i.HAL_TIM_PWM_Init)
    HAL_TIM_PWM_MspInit                      0x080018d5   Thumb Code   290  tim.o(i.HAL_TIM_PWM_MspInit)
    HAL_TIM_PWM_PulseFinishedCallback        0x08001a1d   Thumb Code   104  ws2812.o(i.HAL_TIM_PWM_PulseFinishedCallback)
    HAL_TIM_PWM_PulseFinishedHalfCpltCallback 0x08001a8d   Thumb Code     2  stm32f1xx_hal_tim.o(i.HAL_TIM_PWM_PulseFinishedHalfCpltCallback)
    HAL_TIM_PWM_Start_DMA                    0x08001a91   Thumb Code   390  stm32f1xx_hal_tim.o(i.HAL_TIM_PWM_Start_DMA)
    HAL_TIM_PWM_Stop_DMA                     0x08001c39   Thumb Code   184  stm32f1xx_hal_tim.o(i.HAL_TIM_PWM_Stop_DMA)
    HardFault_Handler                        0x08001cf9   Thumb Code     2  stm32f1xx_it.o(i.HardFault_Handler)
    LED_YUAN_Init                            0x08001cfb   Thumb Code    32  ctr.o(i.LED_YUAN_Init)
    MX_DMA_Init                              0x08001d1d   Thumb Code   136  dma.o(i.MX_DMA_Init)
    MX_GPIO_Init                             0x08001da9   Thumb Code   240  gpio.o(i.MX_GPIO_Init)
    MX_RTC_Init                              0x08001ead   Thumb Code    96  rtc.o(i.MX_RTC_Init)
    MX_TIM1_Init                             0x08001f15   Thumb Code   148  tim.o(i.MX_TIM1_Init)
    MX_TIM2_Init                             0x08001fb1   Thumb Code   102  tim.o(i.MX_TIM2_Init)
    MX_TIM3_Init                             0x0800201d   Thumb Code   140  tim.o(i.MX_TIM3_Init)
    MX_TIM4_Init                             0x080020b1   Thumb Code   100  tim.o(i.MX_TIM4_Init)
    MX_TIM5_Init                             0x0800211d   Thumb Code   100  tim.o(i.MX_TIM5_Init)
    MX_TIM8_Init                             0x08002189   Thumb Code   148  tim.o(i.MX_TIM8_Init)
    MemManage_Handler                        0x08002225   Thumb Code     2  stm32f1xx_it.o(i.MemManage_Handler)
    NMI_Handler                              0x08002227   Thumb Code     2  stm32f1xx_it.o(i.NMI_Handler)
    PendSV_Handler                           0x08002229   Thumb Code     2  stm32f1xx_it.o(i.PendSV_Handler)
    RTC_IRQHandler                           0x080022a5   Thumb Code     6  stm32f1xx_it.o(i.RTC_IRQHandler)
    SVC_Handler                              0x08002385   Thumb Code     2  stm32f1xx_it.o(i.SVC_Handler)
    SysTick_Handler                          0x08002387   Thumb Code     4  stm32f1xx_it.o(i.SysTick_Handler)
    SystemClock_Config                       0x0800238b   Thumb Code   128  main.o(i.SystemClock_Config)
    SystemInit                               0x0800240b   Thumb Code     2  system_stm32f1xx.o(i.SystemInit)
    TIM_Base_SetConfig                       0x0800240d   Thumb Code   120  stm32f1xx_hal_tim.o(i.TIM_Base_SetConfig)
    TIM_CCxChannelCmd                        0x08002499   Thumb Code    26  stm32f1xx_hal_tim.o(i.TIM_CCxChannelCmd)
    TIM_DMADelayPulseHalfCplt                0x08002511   Thumb Code    56  stm32f1xx_hal_tim.o(i.TIM_DMADelayPulseHalfCplt)
    TIM_DMAError                             0x08002549   Thumb Code    84  stm32f1xx_hal_tim.o(i.TIM_DMAError)
    TIM_ETR_SetConfig                        0x0800259d   Thumb Code    20  stm32f1xx_hal_tim.o(i.TIM_ETR_SetConfig)
    TIM_OC2_SetConfig                        0x08002621   Thumb Code    98  stm32f1xx_hal_tim.o(i.TIM_OC2_SetConfig)
    Test1                                    0x0800278d   Thumb Code    66  ctr.o(i.Test1)
    Test3                                    0x080027d9   Thumb Code   216  ctr.o(i.Test3)
    UsageFault_Handler                       0x080028c1   Thumb Code     2  stm32f1xx_it.o(i.UsageFault_Handler)
    Vibra_monitor                            0x080028c5   Thumb Code   164  vibra.o(i.Vibra_monitor)
    __scatterload_copy                       0x08002999   Thumb Code    14  handlers.o(i.__scatterload_copy)
    __scatterload_null                       0x080029a7   Thumb Code     2  handlers.o(i.__scatterload_null)
    __scatterload_zeroinit                   0x080029a9   Thumb Code    14  handlers.o(i.__scatterload_zeroinit)
    boot_init                                0x080029b9   Thumb Code    28  ctr.o(i.boot_init)
    close_all                                0x080029d9   Thumb Code    32  ctr.o(i.close_all)
    control_template_bit                     0x080029f9   Thumb Code    76  ws2812.o(i.control_template_bit)
    control_template_buff                    0x08002a49   Thumb Code    18  ws2812.o(i.control_template_buff)
    ctr_fan                                  0x08002a61   Thumb Code   490  ctr.o(i.ctr_fan)
    ctr_fan1                                 0x08002c65   Thumb Code   420  ctr.o(i.ctr_fan1)
    disturbance_init                         0x08002e21   Thumb Code    24  vibra.o(i.disturbance_init)
    draw_arrows                              0x08002e41   Thumb Code   172  ctr.o(i.draw_arrows)
    fan_init                                 0x08002ef5   Thumb Code    38  ctr.o(i.fan_init)
    fan_list_init                            0x08002f29   Thumb Code    82  ctr.o(i.fan_list_init)
    fan_logic                                0x08002f81   Thumb Code   202  ctr.o(i.fan_logic)
    led_circle_Init                          0x08003055   Thumb Code    32  ctr.o(i.led_circle_Init)
    light_flow                               0x08003075   Thumb Code    30  ctr.o(i.light_flow)
    light_on                                 0x08003093   Thumb Code    60  ctr.o(i.light_on)
    line_init                                0x080030cf   Thumb Code    36  ctr.o(i.line_init)
    main                                     0x080030f5   Thumb Code   172  main.o(i.main)
    vibra_init                               0x080031a5   Thumb Code    20  vibra.o(i.vibra_init)
    AHBPrescTable                            0x080031bc   Data          16  system_stm32f1xx.o(.constdata)
    APBPrescTable                            0x080031cc   Data           8  system_stm32f1xx.o(.constdata)
    Region$$Table$$Base                      0x080031d4   Number         0  anon$$obj.o(Region$$Table)
    Region$$Table$$Limit                     0x080031f4   Number         0  anon$$obj.o(Region$$Table)
    flag                                     0x20000000   Data           1  main.o(.data)
    Step                                     0x20000004   Data           4  main.o(.data)
    fan_change_time                          0x20000008   Data           4  main.o(.data)
    MODE                                     0x2000000c   Data           4  main.o(.data)
    RGB1                                     0x20000010   Data           4  main.o(.data)
    ESfanChannelList1                        0x20000014   Data           6  ws2812.o(.data)
    ESfanTimList1                            0x2000001c   Data          24  ws2812.o(.data)
    disturbance                              0x20000034   Data           4  ctr.o(.data)
    flag_flow                                0x20000038   Data           4  ctr.o(.data)
    ESfanChannelList                         0x2000003c   Data           6  ctr.o(.data)
    arrows                                   0x20000042   Data          21  ctr.o(.data)
    ESfanTimList                             0x20000058   Data          24  ctr.o(.data)
    VibrationPin                             0x20000070   Data          20  ctr.o(.data)
    uwTickFreq                               0x20000084   Data           1  stm32f1xx_hal.o(.data)
    uwTickPrio                               0x20000088   Data           4  stm32f1xx_hal.o(.data)
    uwTick                                   0x2000008c   Data           4  stm32f1xx_hal.o(.data)
    SystemCoreClock                          0x20000090   Data           4  system_stm32f1xx.o(.data)
    hrtc                                     0x20000094   Data          20  rtc.o(.bss)
    htim1                                    0x200000a8   Data          72  tim.o(.bss)
    htim2                                    0x200000f0   Data          72  tim.o(.bss)
    htim3                                    0x20000138   Data          72  tim.o(.bss)
    htim4                                    0x20000180   Data          72  tim.o(.bss)
    htim5                                    0x200001c8   Data          72  tim.o(.bss)
    htim8                                    0x20000210   Data          72  tim.o(.bss)
    hdma_tim1_ch1                            0x20000258   Data          68  tim.o(.bss)
    hdma_tim2_ch1                            0x2000029c   Data          68  tim.o(.bss)
    hdma_tim3_ch4_up                         0x200002e0   Data          68  tim.o(.bss)
    hdma_tim4_ch1                            0x20000324   Data          68  tim.o(.bss)
    hdma_tim5_ch1                            0x20000368   Data          68  tim.o(.bss)
    hdma_tim8_ch3_up                         0x200003ac   Data          68  tim.o(.bss)
    WS2812B_Buf                              0x200003f0   Data        1604  ws2812.o(.bss)
    WS2812B_Bit                              0x20000a34   Data       38500  ws2812.o(.bss)
    ES                                       0x2000a098   Data         100  ctr.o(.bss)
    disturbance_flag                         0x2000a0fc   Data          20  vibra.o(.bss)
    vibra_flag                               0x2000a110   Data          20  vibra.o(.bss)
    __initial_sp                             0x2000a628   Data           0  startup_stm32f103xe.o(STACK)



==============================================================================

Memory Map of the image

  Image Entry point : 0x08000131

  Load Region LR_IROM1 (Base: 0x08000000, Size: 0x00003288, Max: 0x00040000, ABSOLUTE)

    Execution Region ER_IROM1 (Exec base: 0x08000000, Load base: 0x08000000, Size: 0x000031f4, Max: 0x00040000, ABSOLUTE)

    Exec Addr    Load Addr    Size         Type   Attr      Idx    E Section Name        Object

    0x08000000   0x08000000   0x00000130   Data   RO            3    RESET               startup_stm32f103xe.o
    0x08000130   0x08000130   0x00000000   Code   RO         3166  * .ARM.Collect$$$$00000000  mc_w.l(entry.o)
    0x08000130   0x08000130   0x00000004   Code   RO         3185    .ARM.Collect$$$$00000001  mc_w.l(entry2.o)
    0x08000134   0x08000134   0x00000004   Code   RO         3188    .ARM.Collect$$$$00000004  mc_w.l(entry5.o)
    0x08000138   0x08000138   0x00000000   Code   RO         3190    .ARM.Collect$$$$00000008  mc_w.l(entry7b.o)
    0x08000138   0x08000138   0x00000000   Code   RO         3192    .ARM.Collect$$$$0000000A  mc_w.l(entry8b.o)
    0x08000138   0x08000138   0x00000008   Code   RO         3193    .ARM.Collect$$$$0000000B  mc_w.l(entry9a.o)
    0x08000140   0x08000140   0x00000000   Code   RO         3195    .ARM.Collect$$$$0000000D  mc_w.l(entry10a.o)
    0x08000140   0x08000140   0x00000000   Code   RO         3197    .ARM.Collect$$$$0000000F  mc_w.l(entry11a.o)
    0x08000140   0x08000140   0x00000004   Code   RO         3186    .ARM.Collect$$$$00002712  mc_w.l(entry2.o)
    0x08000144   0x08000144   0x00000024   Code   RO            4    .text               startup_stm32f103xe.o
    0x08000168   0x08000168   0x00000024   Code   RO         3171    .text               mc_w.l(memseta.o)
    0x0800018c   0x0800018c   0x00000024   Code   RO         3204    .text               mc_w.l(init.o)
    0x080001b0   0x080001b0   0x00000002   Code   RO          356    i.BusFault_Handler  stm32f1xx_it.o
    0x080001b2   0x080001b2   0x00000002   PAD
    0x080001b4   0x080001b4   0x0000000c   Code   RO          357    i.DMA1_Channel1_IRQHandler  stm32f1xx_it.o
    0x080001c0   0x080001c0   0x0000000c   Code   RO          358    i.DMA1_Channel2_IRQHandler  stm32f1xx_it.o
    0x080001cc   0x080001cc   0x0000000c   Code   RO          359    i.DMA1_Channel3_IRQHandler  stm32f1xx_it.o
    0x080001d8   0x080001d8   0x0000000c   Code   RO          360    i.DMA1_Channel5_IRQHandler  stm32f1xx_it.o
    0x080001e4   0x080001e4   0x0000000c   Code   RO          361    i.DMA2_Channel1_IRQHandler  stm32f1xx_it.o
    0x080001f0   0x080001f0   0x0000000c   Code   RO          362    i.DMA2_Channel4_5_IRQHandler  stm32f1xx_it.o
    0x080001fc   0x080001fc   0x0000002a   Code   RO         1561    i.DMA_SetConfig     stm32f1xx_hal_dma.o
    0x08000226   0x08000226   0x00000002   Code   RO          363    i.DebugMon_Handler  stm32f1xx_it.o
    0x08000228   0x08000228   0x00000008   Code   RO          364    i.EXTI15_10_IRQHandler  stm32f1xx_it.o
    0x08000230   0x08000230   0x00000006   Code   RO          365    i.EXTI1_IRQHandler  stm32f1xx_it.o
    0x08000236   0x08000236   0x00000004   Code   RO           13    i.Error_Handler     main.o
    0x0800023a   0x0800023a   0x00000002   PAD
    0x0800023c   0x0800023c   0x00000130   Code   RO         1563    i.HAL_DMA_Abort_IT  stm32f1xx_hal_dma.o
    0x0800036c   0x0800036c   0x00000248   Code   RO         1567    i.HAL_DMA_IRQHandler  stm32f1xx_hal_dma.o
    0x080005b4   0x080005b4   0x0000007c   Code   RO         1568    i.HAL_DMA_Init      stm32f1xx_hal_dma.o
    0x08000630   0x08000630   0x00000070   Code   RO         1572    i.HAL_DMA_Start_IT  stm32f1xx_hal_dma.o
    0x080006a0   0x080006a0   0x00000024   Code   RO         1190    i.HAL_Delay         stm32f1xx_hal.o
    0x080006c4   0x080006c4   0x00000060   Code   RO           14    i.HAL_GPIO_EXTI_Callback  main.o
    0x08000724   0x08000724   0x00000018   Code   RO         1497    i.HAL_GPIO_EXTI_IRQHandler  stm32f1xx_hal_gpio.o
    0x0800073c   0x0800073c   0x000001f0   Code   RO         1498    i.HAL_GPIO_Init     stm32f1xx_hal_gpio.o
    0x0800092c   0x0800092c   0x0000000a   Code   RO         1500    i.HAL_GPIO_ReadPin  stm32f1xx_hal_gpio.o
    0x08000936   0x08000936   0x0000000a   Code   RO         1502    i.HAL_GPIO_WritePin  stm32f1xx_hal_gpio.o
    0x08000940   0x08000940   0x0000000c   Code   RO         1194    i.HAL_GetTick       stm32f1xx_hal.o
    0x0800094c   0x0800094c   0x00000010   Code   RO         1200    i.HAL_IncTick       stm32f1xx_hal.o
    0x0800095c   0x0800095c   0x00000024   Code   RO         1201    i.HAL_Init          stm32f1xx_hal.o
    0x08000980   0x08000980   0x00000040   Code   RO         1202    i.HAL_InitTick      stm32f1xx_hal.o
    0x080009c0   0x080009c0   0x0000003c   Code   RO          486    i.HAL_MspInit       stm32f1xx_hal_msp.o
    0x080009fc   0x080009fc   0x0000001a   Code   RO         1658    i.HAL_NVIC_EnableIRQ  stm32f1xx_hal_cortex.o
    0x08000a16   0x08000a16   0x00000002   PAD
    0x08000a18   0x08000a18   0x00000040   Code   RO         1664    i.HAL_NVIC_SetPriority  stm32f1xx_hal_cortex.o
    0x08000a58   0x08000a58   0x00000024   Code   RO         1665    i.HAL_NVIC_SetPriorityGrouping  stm32f1xx_hal_cortex.o
    0x08000a7c   0x08000a7c   0x0000000c   Code   RO         1780    i.HAL_PWR_EnableBkUpAccess  stm32f1xx_hal_pwr.o
    0x08000a88   0x08000a88   0x000000d4   Code   RO         1460    i.HAL_RCCEx_GetPeriphCLKFreq  stm32f1xx_hal_rcc_ex.o
    0x08000b5c   0x08000b5c   0x000000e8   Code   RO         1461    i.HAL_RCCEx_PeriphCLKConfig  stm32f1xx_hal_rcc_ex.o
    0x08000c44   0x08000c44   0x00000138   Code   RO         1358    i.HAL_RCC_ClockConfig  stm32f1xx_hal_rcc.o
    0x08000d7c   0x08000d7c   0x00000020   Code   RO         1366    i.HAL_RCC_GetPCLK2Freq  stm32f1xx_hal_rcc.o
    0x08000d9c   0x08000d9c   0x0000006c   Code   RO         1367    i.HAL_RCC_GetSysClockFreq  stm32f1xx_hal_rcc.o
    0x08000e08   0x08000e08   0x00000318   Code   RO         1370    i.HAL_RCC_OscConfig  stm32f1xx_hal_rcc.o
    0x08001120   0x08001120   0x00000002   Code   RO         1086    i.HAL_RTCEx_RTCEventCallback  stm32f1xx_hal_rtc_ex.o
    0x08001122   0x08001122   0x00000002   Code   RO         1087    i.HAL_RTCEx_RTCEventErrorCallback  stm32f1xx_hal_rtc_ex.o
    0x08001124   0x08001124   0x0000003e   Code   RO         1088    i.HAL_RTCEx_RTCIRQHandler  stm32f1xx_hal_rtc_ex.o
    0x08001162   0x08001162   0x00000002   PAD
    0x08001164   0x08001164   0x000000a0   Code   RO          919    i.HAL_RTC_Init      stm32f1xx_hal_rtc.o
    0x08001204   0x08001204   0x00000048   Code   RO          225    i.HAL_RTC_MspInit   rtc.o
    0x0800124c   0x0800124c   0x000000c4   Code   RO          925    i.HAL_RTC_SetDate   stm32f1xx_hal_rtc.o
    0x08001310   0x08001310   0x000000b0   Code   RO          926    i.HAL_RTC_SetTime   stm32f1xx_hal_rtc.o
    0x080013c0   0x080013c0   0x0000003a   Code   RO          927    i.HAL_RTC_WaitForSynchro  stm32f1xx_hal_rtc.o
    0x080013fa   0x080013fa   0x00000028   Code   RO         1669    i.HAL_SYSTICK_Config  stm32f1xx_hal_cortex.o
    0x08001422   0x08001422   0x00000054   Code   RO         2867    i.HAL_TIMEx_ConfigBreakDeadTime  stm32f1xx_hal_tim_ex.o
    0x08001476   0x08001476   0x00000002   PAD
    0x08001478   0x08001478   0x0000007c   Code   RO         2883    i.HAL_TIMEx_MasterConfigSynchronization  stm32f1xx_hal_tim_ex.o
    0x080014f4   0x080014f4   0x0000005a   Code   RO         2160    i.HAL_TIM_Base_Init  stm32f1xx_hal_tim.o
    0x0800154e   0x0800154e   0x00000002   PAD
    0x08001550   0x08001550   0x00000060   Code   RO          267    i.HAL_TIM_Base_MspInit  tim.o
    0x080015b0   0x080015b0   0x000000d6   Code   RO         2169    i.HAL_TIM_ConfigClockSource  stm32f1xx_hal_tim.o
    0x08001686   0x08001686   0x00000002   Code   RO         2190    i.HAL_TIM_ErrorCallback  stm32f1xx_hal_tim.o
    0x08001688   0x08001688   0x0000012c   Code   RO          268    i.HAL_TIM_MspPostInit  tim.o
    0x080017b4   0x080017b4   0x000000c6   Code   RO         2232    i.HAL_TIM_PWM_ConfigChannel  stm32f1xx_hal_tim.o
    0x0800187a   0x0800187a   0x0000005a   Code   RO         2235    i.HAL_TIM_PWM_Init  stm32f1xx_hal_tim.o
    0x080018d4   0x080018d4   0x00000148   Code   RO          270    i.HAL_TIM_PWM_MspInit  tim.o
    0x08001a1c   0x08001a1c   0x00000070   Code   RO          510    i.HAL_TIM_PWM_PulseFinishedCallback  ws2812.o
    0x08001a8c   0x08001a8c   0x00000002   Code   RO         2239    i.HAL_TIM_PWM_PulseFinishedHalfCpltCallback  stm32f1xx_hal_tim.o
    0x08001a8e   0x08001a8e   0x00000002   PAD
    0x08001a90   0x08001a90   0x000001a8   Code   RO         2241    i.HAL_TIM_PWM_Start_DMA  stm32f1xx_hal_tim.o
    0x08001c38   0x08001c38   0x000000c0   Code   RO         2244    i.HAL_TIM_PWM_Stop_DMA  stm32f1xx_hal_tim.o
    0x08001cf8   0x08001cf8   0x00000002   Code   RO          366    i.HardFault_Handler  stm32f1xx_it.o
    0x08001cfa   0x08001cfa   0x00000020   Code   RO          797    i.LED_YUAN_Init     ctr.o
    0x08001d1a   0x08001d1a   0x00000002   PAD
    0x08001d1c   0x08001d1c   0x0000008c   Code   RO          200    i.MX_DMA_Init       dma.o
    0x08001da8   0x08001da8   0x00000104   Code   RO          176    i.MX_GPIO_Init      gpio.o
    0x08001eac   0x08001eac   0x00000068   Code   RO          226    i.MX_RTC_Init       rtc.o
    0x08001f14   0x08001f14   0x0000009c   Code   RO          271    i.MX_TIM1_Init      tim.o
    0x08001fb0   0x08001fb0   0x0000006c   Code   RO          272    i.MX_TIM2_Init      tim.o
    0x0800201c   0x0800201c   0x00000094   Code   RO          273    i.MX_TIM3_Init      tim.o
    0x080020b0   0x080020b0   0x0000006c   Code   RO          274    i.MX_TIM4_Init      tim.o
    0x0800211c   0x0800211c   0x0000006c   Code   RO          275    i.MX_TIM5_Init      tim.o
    0x08002188   0x08002188   0x0000009c   Code   RO          276    i.MX_TIM8_Init      tim.o
    0x08002224   0x08002224   0x00000002   Code   RO          367    i.MemManage_Handler  stm32f1xx_it.o
    0x08002226   0x08002226   0x00000002   Code   RO          368    i.NMI_Handler       stm32f1xx_it.o
    0x08002228   0x08002228   0x00000002   Code   RO          369    i.PendSV_Handler    stm32f1xx_it.o
    0x0800222a   0x0800222a   0x00000012   Code   RO          928    i.RTC_Bcd2ToByte    stm32f1xx_hal_rtc.o
    0x0800223c   0x0800223c   0x00000034   Code   RO          931    i.RTC_EnterInitMode  stm32f1xx_hal_rtc.o
    0x08002270   0x08002270   0x00000034   Code   RO          932    i.RTC_ExitInitMode  stm32f1xx_hal_rtc.o
    0x080022a4   0x080022a4   0x0000000c   Code   RO          370    i.RTC_IRQHandler    stm32f1xx_it.o
    0x080022b0   0x080022b0   0x0000000e   Code   RO          933    i.RTC_ReadAlarmCounter  stm32f1xx_hal_rtc.o
    0x080022be   0x080022be   0x00000020   Code   RO          934    i.RTC_ReadTimeCounter  stm32f1xx_hal_rtc.o
    0x080022de   0x080022de   0x00000056   Code   RO          935    i.RTC_WeekDayNum    stm32f1xx_hal_rtc.o
    0x08002334   0x08002334   0x00000028   Code   RO          936    i.RTC_WriteAlarmCounter  stm32f1xx_hal_rtc.o
    0x0800235c   0x0800235c   0x00000028   Code   RO          937    i.RTC_WriteTimeCounter  stm32f1xx_hal_rtc.o
    0x08002384   0x08002384   0x00000002   Code   RO          371    i.SVC_Handler       stm32f1xx_it.o
    0x08002386   0x08002386   0x00000004   Code   RO          372    i.SysTick_Handler   stm32f1xx_it.o
    0x0800238a   0x0800238a   0x00000080   Code   RO           15    i.SystemClock_Config  main.o
    0x0800240a   0x0800240a   0x00000002   Code   RO         3132    i.SystemInit        system_stm32f1xx.o
    0x0800240c   0x0800240c   0x0000008c   Code   RO         2253    i.TIM_Base_SetConfig  stm32f1xx_hal_tim.o
    0x08002498   0x08002498   0x0000001a   Code   RO         2254    i.TIM_CCxChannelCmd  stm32f1xx_hal_tim.o
    0x080024b2   0x080024b2   0x0000005e   Code   RO         2257    i.TIM_DMADelayPulseCplt  stm32f1xx_hal_tim.o
    0x08002510   0x08002510   0x00000038   Code   RO         2258    i.TIM_DMADelayPulseHalfCplt  stm32f1xx_hal_tim.o
    0x08002548   0x08002548   0x00000054   Code   RO         2259    i.TIM_DMAError      stm32f1xx_hal_tim.o
    0x0800259c   0x0800259c   0x00000014   Code   RO         2264    i.TIM_ETR_SetConfig  stm32f1xx_hal_tim.o
    0x080025b0   0x080025b0   0x00000010   Code   RO         2265    i.TIM_ITRx_SetConfig  stm32f1xx_hal_tim.o
    0x080025c0   0x080025c0   0x00000060   Code   RO         2266    i.TIM_OC1_SetConfig  stm32f1xx_hal_tim.o
    0x08002620   0x08002620   0x0000006c   Code   RO         2267    i.TIM_OC2_SetConfig  stm32f1xx_hal_tim.o
    0x0800268c   0x0800268c   0x00000068   Code   RO         2268    i.TIM_OC3_SetConfig  stm32f1xx_hal_tim.o
    0x080026f4   0x080026f4   0x00000050   Code   RO         2269    i.TIM_OC4_SetConfig  stm32f1xx_hal_tim.o
    0x08002744   0x08002744   0x00000022   Code   RO         2271    i.TIM_TI1_ConfigInputStage  stm32f1xx_hal_tim.o
    0x08002766   0x08002766   0x00000024   Code   RO         2273    i.TIM_TI2_ConfigInputStage  stm32f1xx_hal_tim.o
    0x0800278a   0x0800278a   0x00000002   PAD
    0x0800278c   0x0800278c   0x0000004c   Code   RO          671    i.Test1             ctr.o
    0x080027d8   0x080027d8   0x000000e8   Code   RO          673    i.Test3             ctr.o
    0x080028c0   0x080028c0   0x00000002   Code   RO          373    i.UsageFault_Handler  stm32f1xx_it.o
    0x080028c2   0x080028c2   0x00000002   PAD
    0x080028c4   0x080028c4   0x000000b4   Code   RO          828    i.Vibra_monitor     vibra.o
    0x08002978   0x08002978   0x00000020   Code   RO         1671    i.__NVIC_SetPriority  stm32f1xx_hal_cortex.o
    0x08002998   0x08002998   0x0000000e   Code   RO         3210    i.__scatterload_copy  mc_w.l(handlers.o)
    0x080029a6   0x080029a6   0x00000002   Code   RO         3211    i.__scatterload_null  mc_w.l(handlers.o)
    0x080029a8   0x080029a8   0x0000000e   Code   RO         3212    i.__scatterload_zeroinit  mc_w.l(handlers.o)
    0x080029b6   0x080029b6   0x00000002   PAD
    0x080029b8   0x080029b8   0x00000020   Code   RO          674    i.boot_init         ctr.o
    0x080029d8   0x080029d8   0x00000020   Code   RO          675    i.close_all         ctr.o
    0x080029f8   0x080029f8   0x00000050   Code   RO          545    i.control_template_bit  ws2812.o
    0x08002a48   0x08002a48   0x00000018   Code   RO          540    i.control_template_buff  ws2812.o
    0x08002a60   0x08002a60   0x00000204   Code   RO          676    i.ctr_fan           ctr.o
    0x08002c64   0x08002c64   0x000001bc   Code   RO          677    i.ctr_fan1          ctr.o
    0x08002e20   0x08002e20   0x00000020   Code   RO          829    i.disturbance_init  vibra.o
    0x08002e40   0x08002e40   0x000000b4   Code   RO          678    i.draw_arrows       ctr.o
    0x08002ef4   0x08002ef4   0x00000034   Code   RO          680    i.fan_init          ctr.o
    0x08002f28   0x08002f28   0x00000058   Code   RO          681    i.fan_list_init     ctr.o
    0x08002f80   0x08002f80   0x000000d4   Code   RO          682    i.fan_logic         ctr.o
    0x08003054   0x08003054   0x00000020   Code   RO          683    i.led_circle_Init   ctr.o
    0x08003074   0x08003074   0x0000001e   Code   RO          684    i.light_flow        ctr.o
    0x08003092   0x08003092   0x0000003c   Code   RO          685    i.light_on          ctr.o
    0x080030ce   0x080030ce   0x00000024   Code   RO          686    i.line_init         ctr.o
    0x080030f2   0x080030f2   0x00000002   PAD
    0x080030f4   0x080030f4   0x000000b0   Code   RO           16    i.main              main.o
    0x080031a4   0x080031a4   0x00000018   Code   RO          830    i.vibra_init        vibra.o
    0x080031bc   0x080031bc   0x00000010   Data   RO         3133    .constdata          system_stm32f1xx.o
    0x080031cc   0x080031cc   0x00000008   Data   RO         3134    .constdata          system_stm32f1xx.o
    0x080031d4   0x080031d4   0x00000020   Data   RO         3208    Region$$Table       anon$$obj.o


    Execution Region RW_IRAM1 (Exec base: 0x20000000, Load base: 0x080031f4, Size: 0x0000a628, Max: 0x0000c000, ABSOLUTE)

    Exec Addr    Load Addr    Size         Type   Attr      Idx    E Section Name        Object

    0x20000000   0x080031f4   0x00000014   Data   RW           17    .data               main.o
    0x20000014   0x08003208   0x00000020   Data   RW          513    .data               ws2812.o
    0x20000034   0x08003228   0x00000050   Data   RW          691    .data               ctr.o
    0x20000084   0x08003278   0x0000000c   Data   RW         1208    .data               stm32f1xx_hal.o
    0x20000090   0x08003284   0x00000004   Data   RW         3135    .data               system_stm32f1xx.o
    0x20000094        -       0x00000014   Zero   RW          227    .bss                rtc.o
    0x200000a8        -       0x00000348   Zero   RW          277    .bss                tim.o
    0x200003f0        -       0x00009ca8   Zero   RW          512    .bss                ws2812.o
    0x2000a098        -       0x00000064   Zero   RW          688    .bss                ctr.o
    0x2000a0fc        -       0x00000028   Zero   RW          831    .bss                vibra.o
    0x2000a124   0x08003288   0x00000004   PAD
    0x2000a128        -       0x00000500   Zero   RW            1    STACK               startup_stm32f103xe.o


==============================================================================

Image component sizes


      Code (inc. data)   RO Data    RW Data    ZI Data      Debug   Object Name

      2054        118          0         80        100      12473   ctr.o
       140          4          0          0          0        798   dma.o
       260         20          0          0          0        979   gpio.o
       404         16          0         20          0     488909   main.o
       176         20          0          0         20       1547   rtc.o
        36          8        304          0       1280        784   startup_stm32f103xe.o
       164         28          0         12          0       6369   stm32f1xx_hal.o
       198         14          0          0          0      28803   stm32f1xx_hal_cortex.o
      1166         52          0          0          0       4346   stm32f1xx_hal_dma.o
       540         48          0          0          0       3994   stm32f1xx_hal_gpio.o
        60          8          0          0          0        842   stm32f1xx_hal_msp.o
        12          4          0          0          0        495   stm32f1xx_hal_pwr.o
      1244         88          0          0          0       4693   stm32f1xx_hal_rcc.o
       444         44          0          0          0       2593   stm32f1xx_hal_rcc_ex.o
       924         16          0          0          0       9240   stm32f1xx_hal_rtc.o
        66          0          0          0          0       2085   stm32f1xx_hal_rtc_ex.o
      2106         98          0          0          0      16236   stm32f1xx_hal_tim.o
       208         20          0          0          0       2100   stm32f1xx_hal_tim_ex.o
       118         42          0          0          0       7565   stm32f1xx_it.o
         2          0         24          4          0       1067   system_stm32f1xx.o
      1508        142          0          0        840       6881   tim.o
       236         28          0          0         40       3121   vibra.o
       216         18          0         32      40104       3183   ws2812.o

    ----------------------------------------------------------------------
     12304        836        360        148      42388     609103   Object Totals
         0          0         32          0          0          0   (incl. Generated)
        22          0          0          0          4          0   (incl. Padding)

    ----------------------------------------------------------------------

      Code (inc. data)   RO Data    RW Data    ZI Data      Debug   Library Member Name

         0          0          0          0          0          0   entry.o
         0          0          0          0          0          0   entry10a.o
         0          0          0          0          0          0   entry11a.o
         8          4          0          0          0          0   entry2.o
         4          0          0          0          0          0   entry5.o
         0          0          0          0          0          0   entry7b.o
         0          0          0          0          0          0   entry8b.o
         8          4          0          0          0          0   entry9a.o
        30          0          0          0          0          0   handlers.o
        36          8          0          0          0         68   init.o
        36          0          0          0          0        108   memseta.o

    ----------------------------------------------------------------------
       124         16          0          0          0        176   Library Totals
         2          0          0          0          0          0   (incl. Padding)

    ----------------------------------------------------------------------

      Code (inc. data)   RO Data    RW Data    ZI Data      Debug   Library Name

       122         16          0          0          0        176   mc_w.l

    ----------------------------------------------------------------------
       124         16          0          0          0        176   Library Totals

    ----------------------------------------------------------------------

==============================================================================


      Code (inc. data)   RO Data    RW Data    ZI Data      Debug   

     12428        852        360        148      42388     603347   Grand Totals
     12428        852        360        148      42388     603347   ELF Image Totals
     12428        852        360        148          0          0   ROM Totals

==============================================================================

    Total RO  Size (Code + RO Data)                12788 (  12.49kB)
    Total RW  Size (RW Data + ZI Data)             42536 (  41.54kB)
    Total ROM Size (Code + RO Data + RW Data)      12936 (  12.63kB)

==============================================================================

